Component: ARM Compiler 5.06 update 1 (build 61) Tool: armlink [4d35a8]

==============================================================================

Section Cross References

    w5500.o(.text) refers to stm32f10x_gpio.o(.text) for GPIO_Init
    w5500.o(.text) refers to stm32f10x_rcc.o(.text) for RCC_APB2PeriphClockCmd
    w5500.o(.text) refers to stm32f10x_spi.o(.text) for SPI_Init
    w5500.o(.text) refers to main.o(.text) for Delay
    w5500.o(.text) refers to w5500.o(.data) for UDP_DIPR
    led.o(.text) refers to stm32f10x_rcc.o(.text) for RCC_APB2PeriphClockCmd
    led.o(.text) refers to stm32f10x_gpio.o(.text) for GPIO_Init
    led.o(.text) refers to stm32f10x_iwdg.o(.text) for IWDG_WriteAccessCmd
    main.o(.text) refers to w5500.o(.text) for W5500_Init
    main.o(.text) refers to rt_memcpy_v6.o(.text) for __aeabi_memcpy
    main.o(.text) refers to noretval__2printf.o(.text) for __2printf
    main.o(.text) refers to stm32f10x_usart.o(.text) for USART_SendData
    main.o(.text) refers to stm32f10x_rcc.o(.text) for RCC_APB1PeriphClockCmd
    main.o(.text) refers to stm32f10x_tim.o(.text) for TIM_TimeBaseInit
    main.o(.text) refers to misc.o(.text) for NVIC_SetVectorTable
    main.o(.text) refers to stm32f10x_flash.o(.text) for FLASH_PrefetchBufferCmd
    main.o(.text) refers to usart.o(.text) for uart_init
    main.o(.text) refers to led.o(.text) for LED_Init
    main.o(.text) refers to key.o(.text) for InitKey
    main.o(.text) refers to taskpoint.o(.text) for InitTaskStr
    main.o(.text) refers to delaypoint.o(.text) for ServeDelay
    main.o(.text) refers to w5500.o(.data) for Gateway_IP
    main.o(.text) refers to w5500.o(.bss) for Rx_Buffer
    main.o(.text) refers to usart.o(.data) for USART_RX_STA
    main.o(.text) refers to usart.o(.bss) for USART_RX_BUF
    main.o(.text) refers to key.o(.bss) for Key4
    main.o(.text) refers to taskpoint.o(.data) for Task3Infor
    main.o(.text) refers to delaypoint.o(.bss) for F_DelayStr_Exam3
    main.o(.text) refers to main.o(.data) for Timer2_Counter
    main.o(.text) refers to delaypoint.o(.data) for G_TimerCnt_DelayServe_10MS
    main.o(.text) refers to key.o(.data) for G_TimerCnt_KeyServe_10MS
    usart.o(.text) refers (Special) to use_no_semi_2.o(.text) for __use_no_semihosting
    usart.o(.text) refers to stm32f10x_usart.o(.text) for USART_SendData
    usart.o(.text) refers to stm32f10x_rcc.o(.text) for RCC_APB2PeriphClockCmd
    usart.o(.text) refers to stm32f10x_gpio.o(.text) for GPIO_Init
    usart.o(.text) refers to misc.o(.text) for NVIC_Init
    usart.o(.text) refers to usart.o(.data) for count
    usart.o(.text) refers to usart.o(.bss) for USART_RX_BUF
    usart.o(.bss) refers (Special) to use_no_semi_2.o(.text) for __use_no_semihosting
    usart.o(.data) refers (Special) to use_no_semi_2.o(.text) for __use_no_semihosting
    stm32f10x_adc.o(.text) refers to stm32f10x_rcc.o(.text) for RCC_APB2PeriphResetCmd
    stm32f10x_bkp.o(.text) refers to stm32f10x_rcc.o(.text) for RCC_BackupResetCmd
    stm32f10x_can.o(.text) refers to stm32f10x_rcc.o(.text) for RCC_APB1PeriphResetCmd
    stm32f10x_cec.o(.text) refers to stm32f10x_rcc.o(.text) for RCC_APB1PeriphResetCmd
    stm32f10x_dac.o(.text) refers to stm32f10x_rcc.o(.text) for RCC_APB1PeriphResetCmd
    stm32f10x_gpio.o(.text) refers to stm32f10x_rcc.o(.text) for RCC_APB2PeriphResetCmd
    stm32f10x_i2c.o(.text) refers to stm32f10x_rcc.o(.text) for RCC_APB1PeriphResetCmd
    stm32f10x_pwr.o(.text) refers to stm32f10x_rcc.o(.text) for RCC_APB1PeriphResetCmd
    stm32f10x_rcc.o(.text) refers to stm32f10x_rcc.o(.data) for APBAHBPrescTable
    stm32f10x_spi.o(.text) refers to stm32f10x_rcc.o(.text) for RCC_APB2PeriphResetCmd
    stm32f10x_tim.o(.text) refers to stm32f10x_rcc.o(.text) for RCC_APB2PeriphResetCmd
    stm32f10x_usart.o(.text) refers to stm32f10x_rcc.o(.text) for RCC_APB2PeriphResetCmd
    stm32f10x_wwdg.o(.text) refers to stm32f10x_rcc.o(.text) for RCC_APB1PeriphResetCmd
    system_stm32f10x.o(.text) refers to system_stm32f10x.o(.data) for SystemCoreClock
    startup_stm32f10x_hd.o(STACK) refers (Special) to heapauxi.o(.text) for __use_two_region_memory
    startup_stm32f10x_hd.o(HEAP) refers (Special) to heapauxi.o(.text) for __use_two_region_memory
    startup_stm32f10x_hd.o(RESET) refers (Special) to heapauxi.o(.text) for __use_two_region_memory
    startup_stm32f10x_hd.o(RESET) refers to startup_stm32f10x_hd.o(STACK) for __initial_sp
    startup_stm32f10x_hd.o(RESET) refers to startup_stm32f10x_hd.o(.text) for Reset_Handler
    startup_stm32f10x_hd.o(RESET) refers to stm32f10x_it.o(.text) for NMI_Handler
    startup_stm32f10x_hd.o(RESET) refers to main.o(.text) for TIM2_IRQHandler
    startup_stm32f10x_hd.o(RESET) refers to usart.o(.text) for USART1_IRQHandler
    startup_stm32f10x_hd.o(.text) refers (Special) to heapauxi.o(.text) for __use_two_region_memory
    startup_stm32f10x_hd.o(.text) refers to system_stm32f10x.o(.text) for SystemInit
[...]
    sys_command.o(.text) refers (Special) to indicate_semi.o(.text) for __semihosting_library_function
    defsig_rtmem_outer.o(.text) refers to defsig_rtmem_inner.o(.text) for __rt_SIGRTMEM_inner
    defsig_rtmem_outer.o(.text) refers to defsig_exit.o(.text) for __sig_exit
    defsig_rtmem_formal.o(.text) refers to rt_raise.o(.text) for __rt_raise
    rt_raise.o(.text) refers to __raise.o(.text) for __raise
    rt_raise.o(.text) refers to usart.o(.text) for _sys_exit
    defsig_exit.o(.text) refers to usart.o(.text) for _sys_exit
    defsig_rtmem_inner.o(.text) refers to defsig_general.o(.text) for __default_signal_display
    __raise.o(.text) refers to defsig.o(CL$$defsig) for __default_signal_handler
    defsig_general.o(.text) refers to sys_wrch.o(.text) for _ttywrch
    sys_wrch.o(.text) refers (Special) to use_no_semi.o(.text) for __I$use$semihosting
    sys_wrch.o(.text) refers (Special) to indicate_semi.o(.text) for __semihosting_library_function
    defsig.o(CL$$defsig) refers to defsig_rtmem_inner.o(.text) for __rt_SIGRTMEM_inner
    defsig_abrt_inner.o(.text) refers to defsig_general.o(.text) for __default_signal_display
    defsig_fpe_inner.o(.text) refers to defsig_general.o(.text) for __default_signal_display
    defsig_rtred_inner.o(.text) refers to defsig_general.o(.text) for __default_signal_display
    defsig_stak_inner.o(.text) refers to defsig_general.o(.text) for __default_signal_display
    defsig_pvfn_inner.o(.text) refers to defsig_general.o(.text) for __default_signal_display
    defsig_cppl_inner.o(.text) refers to defsig_general.o(.text) for __default_signal_display
    defsig_segv_inner.o(.text) refers to defsig_general.o(.text) for __default_signal_display
    defsig_other.o(.text) refers to defsig_general.o(.text) for __default_signal_display


==============================================================================

Removing Unused input sections from the image.

    Removing stm32f10x_adc.o(.text), (1102 bytes).
    Removing stm32f10x_bkp.o(.text), (196 bytes).
    Removing stm32f10x_can.o(.text), (2544 bytes).
    Removing stm32f10x_cec.o(.text), (288 bytes).
    Removing stm32f10x_crc.o(.text), (72 bytes).
    Removing stm32f10x_dac.o(.text), (396 bytes).
    Removing stm32f10x_dbgmcu.o(.text), (48 bytes).
    Removing stm32f10x_dma.o(.text), (596 bytes).
    Removing stm32f10x_exti.o(.text), (284 bytes).
    Removing stm32f10x_fsmc.o(.text), (1548 bytes).
    Removing stm32f10x_i2c.o(.text), (1028 bytes).
    Removing stm32f10x_pwr.o(.text), (204 bytes).
    Removing stm32f10x_rtc.o(.text), (328 bytes).
    Removing stm32f10x_sdio.o(.text), (468 bytes).
    Removing stm32f10x_wwdg.o(.text), (136 bytes).
    Removing core_cm3.o(.emb_text), (32 bytes).

16 unused section(s) (total 9270 bytes) removed from the image.

==============================================================================

Image Symbol Table

    Local Symbols

    Symbol Name                              Value     Ov Type        Size  Object(Section)

    ../clib/angel/boardlib.s                 0x00000000   Number         0  boardinit3.o ABSOLUTE
    ../clib/angel/boardlib.s                 0x00000000   Number         0  boardshut.o ABSOLUTE
    ../clib/angel/boardlib.s                 0x00000000   Number         0  boardinit2.o ABSOLUTE
    ../clib/angel/boardlib.s                 0x00000000   Number         0  boardinit1.o ABSOLUTE
    ../clib/angel/handlers.s                 0x00000000   Number         0  __scatter_zi.o ABSOLUTE
    ../clib/angel/handlers.s                 0x00000000   Number         0  __scatter_copy.o ABSOLUTE
    ../clib/angel/kernel.s                   0x00000000   Number         0  rtexit2.o ABSOLUTE
    ../clib/angel/kernel.s                   0x00000000   Number         0  rtexit.o ABSOLUTE
    ../clib/angel/kernel.s                   0x00000000   Number         0  __rtentry4.o ABSOLUTE
    ../clib/angel/kernel.s                   0x00000000   Number         0  __rtentry2.o ABSOLUTE
    ../clib/angel/kernel.s                   0x00000000   Number         0  __rtentry.o ABSOLUTE
    ../clib/angel/rt.s                       0x00000000   Number         0  rt_raise.o ABSOLUTE
    ../clib/angel/scatter.s                  0x00000000   Number         0  __scatter.o ABSOLUTE
    ../clib/angel/startup.s                  0x00000000   Number         0  __main.o ABSOLUTE
    ../clib/angel/sys.s                      0x00000000   Number         0  sys_stackheap_outer.o ABSOLUTE
    ../clib/angel/sys.s                      0x00000000   Number         0  indicate_semi.o ABSOLUTE
    ../clib/angel/sys.s                      0x00000000   Number         0  libspace.o ABSOLUTE
    ../clib/angel/sys.s                      0x00000000   Number         0  use_no_semi.o ABSOLUTE
    ../clib/angel/sys.s                      0x00000000   Number         0  use_no_semi_2.o ABSOLUTE
    ../clib/angel/sysapp.c                   0x00000000   Number         0  sys_command.o ABSOLUTE
    ../clib/angel/sysapp.c                   0x00000000   Number         0  sys_wrch.o ABSOLUTE
    ../clib/armsys.c                         0x00000000   Number         0  _get_argv_nomalloc.o ABSOLUTE
    ../clib/armsys.c                         0x00000000   Number         0  argv_veneer.o ABSOLUTE
    ../clib/armsys.c                         0x00000000   Number         0  argv_veneer.o ABSOLUTE
    ../clib/armsys.c                         0x00000000   Number         0  no_argv.o ABSOLUTE
    ../clib/heapalloc.c                      0x00000000   Number         0  hrguard.o ABSOLUTE
    ../clib/heapaux.c                        0x00000000   Number         0  heapauxi.o ABSOLUTE
    ../clib/libinit.s                        0x00000000   Number         0  libshutdown2.o ABSOLUTE
    ../clib/libinit.s                        0x00000000   Number         0  libinit2.o ABSOLUTE
    ../clib/libinit.s                        0x00000000   Number         0  libshutdown.o ABSOLUTE
    ../clib/libinit.s                        0x00000000   Number         0  libinit.o ABSOLUTE
    ../clib/memcpset.s                       0x00000000   Number         0  rt_memcpy_v6.o ABSOLUTE
    ../clib/memcpset.s                       0x00000000   Number         0  rt_memcpy_w.o ABSOLUTE
    ../clib/printf.c                         0x00000000   Number         0  __printf_nopercent.o ABSOLUTE
    ../clib/printf.c                         0x00000000   Number         0  _printf_char_file.o ABSOLUTE
    ../clib/printf.c                         0x00000000   Number         0  _printf_char_common.o ABSOLUTE
    ../clib/printf.c                         0x00000000   Number         0  noretval__2printf.o ABSOLUTE
    ../clib/printf.c                         0x00000000   Number         0  __2printf.o ABSOLUTE
    ../clib/signal.c                         0x00000000   Number         0  defsig_general.o ABSOLUTE
    ../clib/signal.c                         0x00000000   Number         0  defsig_cppl_inner.o ABSOLUTE
    ../clib/signal.c                         0x00000000   Number         0  defsig_segv_inner.o ABSOLUTE
    ../clib/signal.c                         0x00000000   Number         0  defsig_other.o ABSOLUTE
    ../clib/signal.c                         0x00000000   Number         0  defsig_rtmem_formal.o ABSOLUTE
    ../clib/signal.c                         0x00000000   Number         0  defsig_rtmem_outer.o ABSOLUTE
    ../clib/signal.c                         0x00000000   Number         0  defsig_exit.o ABSOLUTE
    ../clib/signal.c                         0x00000000   Number         0  defsig_abrt_inner.o ABSOLUTE
    ../clib/signal.c                         0x00000000   Number         0  defsig_pvfn_inner.o ABSOLUTE
    ../clib/signal.c                         0x00000000   Number         0  defsig_rtmem_inner.o ABSOLUTE
    ../clib/signal.c                         0x00000000   Number         0  defsig_fpe_inner.o ABSOLUTE
    ../clib/signal.c                         0x00000000   Number         0  __raise.o ABSOLUTE
    ../clib/signal.c                         0x00000000   Number         0  defsig_rtred_inner.o ABSOLUTE
    ../clib/signal.c                         0x00000000   Number         0  defsig_stak_inner.o ABSOLUTE
    ../clib/signal.s                         0x00000000   Number         0  defsig.o ABSOLUTE
    ../clib/stdio.c                          0x00000000   Number         0  ferror_locked.o ABSOLUTE
    ../clib/stdio.c                          0x00000000   Number         0  ferror.o ABSOLUTE
    ../clib/stdlib.c                         0x00000000   Number         0  exit.o ABSOLUTE
    ../fplib/fpinit.s                        0x00000000   Number         0  fpinit.o ABSOLUTE
    CMSIS\\core_cm3.c                        0x00000000   Number         0  core_cm3.o ABSOLUTE
    CMSIS\core_cm3.c                         0x00000000   Number         0  core_cm3.o ABSOLUTE
    CMSIS\startup\arm\startup_stm32f10x_hd.s 0x00000000   Number         0  startup_stm32f10x_hd.o ABSOLUTE
    CMSIS\system_stm32f10x.c                 0x00000000   Number         0  system_stm32f10x.o ABSOLUTE
    LIB\src\misc.c                           0x00000000   Number         0  misc.o ABSOLUTE
    LIB\src\stm32f10x_adc.c                  0x00000000   Number         0  stm32f10x_adc.o ABSOLUTE
    LIB\src\stm32f10x_bkp.c                  0x00000000   Number         0  stm32f10x_bkp.o ABSOLUTE
    LIB\src\stm32f10x_can.c                  0x00000000   Number         0  stm32f10x_can.o ABSOLUTE
    LIB\src\stm32f10x_cec.c                  0x00000000   Number         0  stm32f10x_cec.o ABSOLUTE
    LIB\src\stm32f10x_crc.c                  0x00000000   Number         0  stm32f10x_crc.o ABSOLUTE
    LIB\src\stm32f10x_dac.c                  0x00000000   Number         0  stm32f10x_dac.o ABSOLUTE
    LIB\src\stm32f10x_dbgmcu.c               0x00000000   Number         0  stm32f10x_dbgmcu.o ABSOLUTE
    LIB\src\stm32f10x_dma.c                  0x00000000   Number         0  stm32f10x_dma.o ABSOLUTE
    LIB\src\stm32f10x_exti.c                 0x00000000   Number         0  stm32f10x_exti.o ABSOLUTE
    LIB\src\stm32f10x_flash.c                0x00000000   Number         0  stm32f10x_flash.o ABSOLUTE
    LIB\src\stm32f10x_fsmc.c                 0x00000000   Number         0  stm32f10x_fsmc.o ABSOLUTE
    LIB\src\stm32f10x_gpio.c                 0x00000000   Number         0  stm32f10x_gpio.o ABSOLUTE
    LIB\src\stm32f10x_i2c.c                  0x00000000   Number         0  stm32f10x_i2c.o ABSOLUTE
    LIB\src\stm32f10x_iwdg.c                 0x00000000   Number         0  stm32f10x_iwdg.o ABSOLUTE
    LIB\src\stm32f10x_pwr.c                  0x00000000   Number         0  stm32f10x_pwr.o ABSOLUTE
    LIB\src\stm32f10x_rcc.c                  0x00000000   Number         0  stm32f10x_rcc.o ABSOLUTE
    LIB\src\stm32f10x_rtc.c                  0x00000000   Number         0  stm32f10x_rtc.o ABSOLUTE
    LIB\src\stm32f10x_sdio.c                 0x00000000   Number         0  stm32f10x_sdio.o ABSOLUTE
    LIB\src\stm32f10x_spi.c                  0x00000000   Number         0  stm32f10x_spi.o ABSOLUTE
    LIB\src\stm32f10x_tim.c                  0x00000000   Number         0  stm32f10x_tim.o ABSOLUTE
    LIB\src\stm32f10x_usart.c                0x00000000   Number         0  stm32f10x_usart.o ABSOLUTE
    LIB\src\stm32f10x_wwdg.c                 0x00000000   Number         0  stm32f10x_wwdg.o ABSOLUTE
    TaskDelay\Delaypoint.c                   0x00000000   Number         0  delaypoint.o ABSOLUTE
    TaskDelay\Taskpoint.c                    0x00000000   Number         0  taskpoint.o ABSOLUTE
    USER\LED.c                               0x00000000   Number         0  led.o ABSOLUTE
    USER\W5500.c                             0x00000000   Number         0  w5500.o ABSOLUTE
    USER\main.c                              0x00000000   Number         0  main.o ABSOLUTE
    USER\stm32f10x_it.c                      0x00000000   Number         0  stm32f10x_it.o ABSOLUTE
    USER\usart.c                             0x00000000   Number         0  usart.o ABSOLUTE
    dc.s                                     0x00000000   Number         0  dc.o ABSOLUTE
    kyeScan\key.c                            0x00000000   Number         0  key.o ABSOLUTE
    RESET                                    0x08000000   Section      304  startup_stm32f10x_hd.o(RESET)
    !!!main                                  0x08000130   Section        8  __main.o(!!!main)
    !!!scatter                               0x08000138   Section       52  __scatter.o(!!!scatter)
    !!handler_copy                           0x0800016c   Section       26  __scatter_copy.o(!!handler_copy)
    !!handler_zi                             0x08000188   Section       28  __scatter_zi.o(!!handler_zi)
    .ARM.Collect$$libinit$$00000000          0x080001a4   Section        2  libinit.o(.ARM.Collect$$libinit$$00000000)
    .ARM.Collect$$libinit$$00000002          0x080001a6   Section        0  libinit2.o(.ARM.Collect$$libinit$$00000002)
    .ARM.Collect$$libinit$$00000004          0x080001a6   Section        0  libinit2.o(.ARM.Collect$$libinit$$00000004)
    .ARM.Collect$$libinit$$0000000A          0x080001a6   Section        0  libinit2.o(.ARM.Collect$$libinit$$0000000A)
    .ARM.Collect$$libinit$$0000000C          0x080001a6   Section        0  libinit2.o(.ARM.Collect$$libinit$$0000000C)
    .ARM.Collect$$libinit$$0000000E          0x080001a6   Section        0  libinit2.o(.ARM.Collect$$libinit$$0000000E)
    .ARM.Collect$$libinit$$00000011          0x080001a6   Section        0  libinit2.o(.ARM.Collect$$libinit$$00000011)
    .ARM.Collect$$libinit$$00000013          0x080001a6   Section        0  libinit2.o(.ARM.Collect$$libinit$$00000013)
    .ARM.Collect$$libinit$$00000015          0x080001a6   Section        0  libinit2.o(.ARM.Collect$$libinit$$00000015)
    .ARM.Collect$$libinit$$00000017          0x080001a6   Section        0  libinit2.o(.ARM.Collect$$libinit$$00000017)
    .ARM.Collect$$libinit$$00000019          0x080001a6   Section        0  libinit2.o(.ARM.Collect$$libinit$$00000019)
    .ARM.Collect$$libinit$$0000001B          0x080001a6   Section        0  libinit2.o(.ARM.Collect$$libinit$$0000001B)
    .ARM.Collect$$libinit$$0000001D          0x080001a6   Section        0  libinit2.o(.ARM.Collect$$libinit$$0000001D)
    .ARM.Collect$$libinit$$0000001F          0x080001a6   Section        0  libinit2.o(.ARM.Collect$$libinit$$0000001F)
    .ARM.Collect$$libinit$$00000021          0x080001a6   Section        0  libinit2.o(.ARM.Collect$$libinit$$00000021)
    .ARM.Collect$$libinit$$00000023          0x080001a6   Section        0  libinit2.o(.ARM.Collect$$libinit$$00000023)
    .ARM.Collect$$libinit$$00000025          0x080001a6   Section        0  libinit2.o(.ARM.Collect$$libinit$$00000025)
    .ARM.Collect$$libinit$$0000002C          0x080001a6   Section        0  libinit2.o(.ARM.Collect$$libinit$$0000002C)
    .ARM.Collect$$libinit$$0000002E          0x080001a6   Section        0  libinit2.o(.ARM.Collect$$libinit$$0000002E)
    .ARM.Collect$$libinit$$00000030          0x080001a6   Section        0  libinit2.o(.ARM.Collect$$libinit$$00000030)
    .ARM.Collect$$libinit$$00000032          0x080001a6   Section        0  libinit2.o(.ARM.Collect$$libinit$$00000032)
    .ARM.Collect$$libinit$$00000033          0x080001a6   Section        2  libinit2.o(.ARM.Collect$$libinit$$00000033)
    .ARM.Collect$$libshutdown$$00000000      0x080001a8   Section        2  libshutdown.o(.ARM.Collect$$libshutdown$$00000000)
    .ARM.Collect$$libshutdown$$00000002      0x080001aa   Section        0  libshutdown2.o(.ARM.Collect$$libshutdown$$00000002)
    .ARM.Collect$$libshutdown$$00000004      0x080001aa   Section        0  libshutdown2.o(.ARM.Collect$$libshutdown$$00000004)
    .ARM.Collect$$libshutdown$$00000007      0x080001aa   Section        0  libshutdown2.o(.ARM.Collect$$libshutdown$$00000007)
    .ARM.Collect$$libshutdown$$0000000A      0x080001aa   Section        0  libshutdown2.o(.ARM.Collect$$libshutdown$$0000000A)
    .ARM.Collect$$libshutdown$$0000000C      0x080001aa   Section        0  libshutdown2.o(.ARM.Collect$$libshutdown$$0000000C)
    .ARM.Collect$$libshutdown$$0000000F      0x080001aa   Section        0  libshutdown2.o(.ARM.Collect$$libshutdown$$0000000F)
    .ARM.Collect$$libshutdown$$00000010      0x080001aa   Section        2  libshutdown2.o(.ARM.Collect$$libshutdown$$00000010)
    .ARM.Collect$$rtentry$$00000000          0x080001ac   Section        0  __rtentry.o(.ARM.Collect$$rtentry$$00000000)
    .ARM.Collect$$rtentry$$00000002          0x080001ac   Section        0  __rtentry2.o(.ARM.Collect$$rtentry$$00000002)
    .ARM.Collect$$rtentry$$00000004          0x080001ac   Section        6  __rtentry4.o(.ARM.Collect$$rtentry$$00000004)
    .ARM.Collect$$rtentry$$00000009          0x080001b2   Section        0  __rtentry2.o(.ARM.Collect$$rtentry$$00000009)
    .ARM.Collect$$rtentry$$0000000A          0x080001b2   Section        4  __rtentry2.o(.ARM.Collect$$rtentry$$0000000A)
    .ARM.Collect$$rtentry$$0000000C          0x080001b6   Section        0  __rtentry2.o(.ARM.Collect$$rtentry$$0000000C)
    .ARM.Collect$$rtentry$$0000000D          0x080001b6   Section        8  __rtentry2.o(.ARM.Collect$$rtentry$$0000000D)
    .ARM.Collect$$rtexit$$00000000           0x080001be   Section        2  rtexit.o(.ARM.Collect$$rtexit$$00000000)
    .ARM.Collect$$rtexit$$00000002           0x080001c0   Section        0  rtexit2.o(.ARM.Collect$$rtexit$$00000002)
    .ARM.Collect$$rtexit$$00000003           0x080001c0   Section        4  rtexit2.o(.ARM.Collect$$rtexit$$00000003)
    .ARM.Collect$$rtexit$$00000004           0x080001c4   Section        6  rtexit2.o(.ARM.Collect$$rtexit$$00000004)
    .text                                    0x080001ca   Section        0  stm32f10x_it.o(.text)
    .text                                    0x080001e4   Section        0  w5500.o(.text)
    .text                                    0x08000ab0   Section        0  led.o(.text)
    .text                                    0x08000c60   Section        0  main.o(.text)
    .text                                    0x0800112c   Section        0  usart.o(.text)
    .text                                    0x08001278   Section        0  misc.o(.text)
    .text                                    0x08001354   Section        0  stm32f10x_flash.o(.text)
    .text                                    0x08001910   Section        0  stm32f10x_gpio.o(.text)
    .text                                    0x08001c6c   Section        0  stm32f10x_iwdg.o(.text)
    .text                                    0x08001cac   Section        0  stm32f10x_rcc.o(.text)
    .text                                    0x08002050   Section        0  stm32f10x_spi.o(.text)
    .text                                    0x0800235c   Section        0  stm32f10x_tim.o(.text)
    TI4_Config                               0x08002803   Thumb Code   130  stm32f10x_tim.o(.text)
    TI3_Config                               0x08002897   Thumb Code   122  stm32f10x_tim.o(.text)
    TI2_Config                               0x0800292b   Thumb Code   130  stm32f10x_tim.o(.text)
    TI1_Config                               0x080029bf   Thumb Code   108  stm32f10x_tim.o(.text)
    .text                                    0x08003178   Section        0  stm32f10x_usart.o(.text)
    .text                                    0x08003580   Section        0  system_stm32f10x.o(.text)
    SetSysClockTo72                          0x08003581   Thumb Code   214  system_stm32f10x.o(.text)
    SetSysClock                              0x08003657   Thumb Code     8  system_stm32f10x.o(.text)
    .text                                    0x08003760   Section       64  startup_stm32f10x_hd.o(.text)
    .text                                    0x080037a0   Section        0  delaypoint.o(.text)
    .text                                    0x08003894   Section        0  taskpoint.o(.text)
    .text                                    0x080046dc   Section        0  key.o(.text)
    .text                                    0x080051ec   Section        2  use_no_semi_2.o(.text)
    .text                                    0x080051f0   Section        0  noretval__2printf.o(.text)
    .text                                    0x08005208   Section      138  rt_memcpy_v6.o(.text)
    .text                                    0x08005292   Section        0  heapauxi.o(.text)
    .text                                    0x08005298   Section        2  use_no_semi.o(.text)
    .text                                    0x0800529c   Section        0  _printf_char_file.o(.text)
    .text                                    0x080052c0   Section      100  rt_memcpy_w.o(.text)
    .text                                    0x08005324   Section        0  _printf_char_common.o(.text)
    _printf_input_char                       0x08005325   Thumb Code    10  _printf_char_common.o(.text)
    .text                                    0x08005354   Section        0  ferror.o(.text)
    .text                                    0x0800535c   Section       74  sys_stackheap_outer.o(.text)
    .text                                    0x080053a6   Section        0  __printf_nopercent.o(.text)
    .text                                    0x080053ce   Section        0  exit.o(.text)
    .text                                    0x080053e0   Section        8  libspace.o(.text)
    .data                                    0x20000000   Section       36  w5500.o(.data)
    .data                                    0x20000024   Section        8  main.o(.data)
    .data                                    0x2000002c   Section       10  usart.o(.data)
    count                                    0x20000032   Data           2  usart.o(.data)
    .data                                    0x20000036   Section       20  stm32f10x_rcc.o(.data)
    APBAHBPrescTable                         0x20000036   Data          16  stm32f10x_rcc.o(.data)
    ADCPrescTable                            0x20000046   Data           4  stm32f10x_rcc.o(.data)
    .data                                    0x2000004c   Section       20  system_stm32f10x.o(.data)
    .data                                    0x20000060   Section        4  delaypoint.o(.data)
    .data                                    0x20000064   Section       27  taskpoint.o(.data)
    .data                                    0x20000080   Section        4  key.o(.data)
    .bss                                     0x20000084   Section     6144  w5500.o(.bss)
    .bss                                     0x20001884   Section      200  usart.o(.bss)
    .bss                                     0x2000194c   Section      240  delaypoint.o(.bss)
    .bss                                     0x20001a3c   Section      800  key.o(.bss)
    .bss                                     0x20001d5c   Section       96  libspace.o(.bss)
    HEAP                                     0x20001dc0   Section      512  startup_stm32f10x_hd.o(HEAP)
    Heap_Mem                                 0x20001dc0   Data         512  startup_stm32f10x_hd.o(HEAP)
    STACK                                    0x20001fc0   Section     1024  startup_stm32f10x_hd.o(STACK)
    Stack_Mem                                0x20001fc0   Data        1024  startup_stm32f10x_hd.o(STACK)
    __initial_sp                             0x200023c0   Data           0  startup_stm32f10x_hd.o(STACK)

    Global Symbols

    Symbol Name                              Value     Ov Type        Size  Object(Section)

    BuildAttributes$$THM_ISAv4$P$D$K$B$S$PE$A:L22UL41UL21$X:L11$S22US41US21$IEEE1$IW$USESV6$~STKCKD$USESV7$~SHL$OSPACE$ROPI$EBA8$UX$STANDARDLIB$REQ8$PRES8$EABIv2 0x00000000   Number         0  anon$$obj.o ABSOLUTE
    __ARM_use_no_argv                        0x00000000   Number         0  main.o ABSOLUTE
    __ARM_exceptions_init                     - Undefined Weak Reference
    __alloca_initialize                       - Undefined Weak Reference
    __arm_preinit_                            - Undefined Weak Reference
    __cpp_initialize__aeabi_                  - Undefined Weak Reference
    __cxa_finalize                            - Undefined Weak Reference
    __rt_locale                               - Undefined Weak Reference
    __sigvec_lookup                           - Undefined Weak Reference
    _atexit_init                              - Undefined Weak Reference
    _call_atexit_fns                          - Undefined Weak Reference
    _clock_init                               - Undefined Weak Reference
    _fp_trap_init                             - Undefined Weak Reference
    _fp_trap_shutdown                         - Undefined Weak Reference
    _get_lc_collate                           - Undefined Weak Reference
    _get_lc_ctype                             - Undefined Weak Reference
    _get_lc_monetary                          - Undefined Weak Reference
    _get_lc_numeric                           - Undefined Weak Reference
    _get_lc_time                              - Undefined Weak Reference
    _getenv_init                              - Undefined Weak Reference
    _handle_redirection                       - Undefined Weak Reference
    _init_alloc                               - Undefined Weak Reference
    _init_user_alloc                          - Undefined Weak Reference
    _initio                                   - Undefined Weak Reference
    _mutex_acquire                            - Undefined Weak Reference
    _mutex_release                            - Undefined Weak Reference
    _rand_init                                - Undefined Weak Reference
    _signal_finish                            - Undefined Weak Reference
    _signal_init                              - Undefined Weak Reference
    _terminate_alloc                          - Undefined Weak Reference
    _terminate_user_alloc                     - Undefined Weak Reference
    _terminateio                              - Undefined Weak Reference
    __Vectors_Size                           0x00000130   Number         0  startup_stm32f10x_hd.o ABSOLUTE
    __Vectors                                0x08000000   Data           4  startup_stm32f10x_hd.o(RESET)
    __Vectors_End                            0x08000130   Data           0  startup_stm32f10x_hd.o(RESET)
    __main                                   0x08000131   Thumb Code     8  __main.o(!!!main)
    __scatterload                            0x08000139   Thumb Code     0  __scatter.o(!!!scatter)
    __scatterload_rt2                        0x08000139   Thumb Code    44  __scatter.o(!!!scatter)
    __scatterload_rt2_thumb_only             0x08000139   Thumb Code     0  __scatter.o(!!!scatter)
    __scatterload_null                       0x08000147   Thumb Code     0  __scatter.o(!!!scatter)
    __scatterload_copy                       0x0800016d   Thumb Code    26  __scatter_copy.o(!!handler_copy)
    __scatterload_zeroinit                   0x08000189   Thumb Code    28  __scatter_zi.o(!!handler_zi)
    __rt_lib_init                            0x080001a5   Thumb Code     0  libinit.o(.ARM.Collect$$libinit$$00000000)
    __rt_lib_init_alloca_1                   0x080001a7   Thumb Code     0  libinit2.o(.ARM.Collect$$libinit$$0000002E)
    __rt_lib_init_argv_1                     0x080001a7   Thumb Code     0  libinit2.o(.ARM.Collect$$libinit$$0000002C)
    __rt_lib_init_atexit_1                   0x080001a7   Thumb Code     0  libinit2.o(.ARM.Collect$$libinit$$0000001B)
    __rt_lib_init_clock_1                    0x080001a7   Thumb Code     0  libinit2.o(.ARM.Collect$$libinit$$00000021)
    __rt_lib_init_cpp_1                      0x080001a7   Thumb Code     0  libinit2.o(.ARM.Collect$$libinit$$00000032)
    __rt_lib_init_exceptions_1               0x080001a7   Thumb Code     0  libinit2.o(.ARM.Collect$$libinit$$00000030)
    __rt_lib_init_fp_1                       0x080001a7   Thumb Code     0  libinit2.o(.ARM.Collect$$libinit$$00000002)
    __rt_lib_init_fp_trap_1                  0x080001a7   Thumb Code     0  libinit2.o(.ARM.Collect$$libinit$$0000001F)
    __rt_lib_init_getenv_1                   0x080001a7   Thumb Code     0  libinit2.o(.ARM.Collect$$libinit$$00000023)
    __rt_lib_init_heap_1                     0x080001a7   Thumb Code     0  libinit2.o(.ARM.Collect$$libinit$$0000000A)
    __rt_lib_init_lc_collate_1               0x080001a7   Thumb Code     0  libinit2.o(.ARM.Collect$$libinit$$00000011)
    __rt_lib_init_lc_ctype_1                 0x080001a7   Thumb Code     0  libinit2.o(.ARM.Collect$$libinit$$00000013)
    __rt_lib_init_lc_monetary_1              0x080001a7   Thumb Code     0  libinit2.o(.ARM.Collect$$libinit$$00000015)
    __rt_lib_init_lc_numeric_1               0x080001a7   Thumb Code     0  libinit2.o(.ARM.Collect$$libinit$$00000017)
    __rt_lib_init_lc_time_1                  0x080001a7   Thumb Code     0  libinit2.o(.ARM.Collect$$libinit$$00000019)
    __rt_lib_init_preinit_1                  0x080001a7   Thumb Code     0  libinit2.o(.ARM.Collect$$libinit$$00000004)
    __rt_lib_init_rand_1                     0x080001a7   Thumb Code     0  libinit2.o(.ARM.Collect$$libinit$$0000000E)
    __rt_lib_init_return                     0x080001a7   Thumb Code     0  libinit2.o(.ARM.Collect$$libinit$$00000033)
    __rt_lib_init_signal_1                   0x080001a7   Thumb Code     0  libinit2.o(.ARM.Collect$$libinit$$0000001D)
    __rt_lib_init_stdio_1                    0x080001a7   Thumb Code     0  libinit2.o(.ARM.Collect$$libinit$$00000025)
    __rt_lib_init_user_alloc_1               0x080001a7   Thumb Code     0  libinit2.o(.ARM.Collect$$libinit$$0000000C)
    __rt_lib_shutdown                        0x080001a9   Thumb Code     0  libshutdown.o(.ARM.Collect$$libshutdown$$00000000)
    __rt_lib_shutdown_cpp_1                  0x080001ab   Thumb Code     0  libshutdown2.o(.ARM.Collect$$libshutdown$$00000002)
    __rt_lib_shutdown_fp_trap_1              0x080001ab   Thumb Code     0  libshutdown2.o(.ARM.Collect$$libshutdown$$00000007)
    __rt_lib_shutdown_heap_1                 0x080001ab   Thumb Code     0  libshutdown2.o(.ARM.Collect$$libshutdown$$0000000F)
    __rt_lib_shutdown_return                 0x080001ab   Thumb Code     0  libshutdown2.o(.ARM.Collect$$libshutdown$$00000010)
    __rt_lib_shutdown_signal_1               0x080001ab   Thumb Code     0  libshutdown2.o(.ARM.Collect$$libshutdown$$0000000A)
    __rt_lib_shutdown_stdio_1                0x080001ab   Thumb Code     0  libshutdown2.o(.ARM.Collect$$libshutdown$$00000004)
    __rt_lib_shutdown_user_alloc_1           0x080001ab   Thumb Code     0  libshutdown2.o(.ARM.Collect$$libshutdown$$0000000C)
    __rt_entry                               0x080001ad   Thumb Code     0  __rtentry.o(.ARM.Collect$$rtentry$$00000000)
    __rt_entry_presh_1                       0x080001ad   Thumb Code     0  __rtentry2.o(.ARM.Collect$$rtentry$$00000002)
    __rt_entry_sh                            0x080001ad   Thumb Code     0  __rtentry4.o(.ARM.Collect$$rtentry$$00000004)
    __rt_entry_li                            0x080001b3   Thumb Code     0  __rtentry2.o(.ARM.Collect$$rtentry$$0000000A)
    __rt_entry_postsh_1                      0x080001b3   Thumb Code     0  __rtentry2.o(.ARM.Collect$$rtentry$$00000009)
    __rt_entry_main                          0x080001b7   Thumb Code     0  __rtentry2.o(.ARM.Collect$$rtentry$$0000000D)
    __rt_entry_postli_1                      0x080001b7   Thumb Code     0  __rtentry2.o(.ARM.Collect$$rtentry$$0000000C)
    __rt_exit                                0x080001bf   Thumb Code     0  rtexit.o(.ARM.Collect$$rtexit$$00000000)
    __rt_exit_ls                             0x080001c1   Thumb Code     0  rtexit2.o(.ARM.Collect$$rtexit$$00000003)
    __rt_exit_prels_1                        0x080001c1   Thumb Code     0  rtexit2.o(.ARM.Collect$$rtexit$$00000002)
    __rt_exit_exit                           0x080001c5   Thumb Code     0  rtexit2.o(.ARM.Collect$$rtexit$$00000004)
    NMI_Handler                              0x080001cb   Thumb Code     2  stm32f10x_it.o(.text)
    HardFault_Handler                        0x080001cd   Thumb Code     4  stm32f10x_it.o(.text)
    MemManage_Handler                        0x080001d1   Thumb Code     4  stm32f10x_it.o(.text)
    BusFault_Handler                         0x080001d5   Thumb Code     4  stm32f10x_it.o(.text)
    UsageFault_Handler                       0x080001d9   Thumb Code     4  stm32f10x_it.o(.text)
    SVC_Handler                              0x080001dd   Thumb Code     2  stm32f10x_it.o(.text)
    DebugMon_Handler                         0x080001df   Thumb Code     2  stm32f10x_it.o(.text)
    PendSV_Handler                           0x080001e1   Thumb Code     2  stm32f10x_it.o(.text)
    SysTick_Handler                          0x080001e3   Thumb Code     2  stm32f10x_it.o(.text)
    W5500_GPIO_Configuration                 0x080001e5   Thumb Code    38  w5500.o(.text)
    SPI_Configuration                        0x0800020b   Thumb Code   154  w5500.o(.text)
    SPI1_Send_Byte                           0x080002a5   Thumb Code    28  w5500.o(.text)
    SPI1_Send_Short                          0x080002c1   Thumb Code    28  w5500.o(.text)
    Write_W5500_1Byte                        0x080002dd   Thumb Code    42  w5500.o(.text)
    Write_W5500_2Byte                        0x08000307   Thumb Code    42  w5500.o(.text)
    Write_W5500_nByte                        0x08000331   Thumb Code    62  w5500.o(.text)
    Write_W5500_SOCK_1Byte                   0x0800036f   Thumb Code    54  w5500.o(.text)
    Write_W5500_SOCK_2Byte                   0x080003a5   Thumb Code    54  w5500.o(.text)
    Write_W5500_SOCK_4Byte                   0x080003db   Thumb Code    80  w5500.o(.text)
    Read_W5500_1Byte                         0x0800042b   Thumb Code    58  w5500.o(.text)
    Read_W5500_SOCK_1Byte                    0x08000465   Thumb Code    70  w5500.o(.text)
    Read_W5500_SOCK_2Byte                    0x080004ab   Thumb Code    94  w5500.o(.text)
    Read_SOCK_Data_Buffer                    0x08000509   Thumb Code   302  w5500.o(.text)
    Write_SOCK_Data_Buffer                   0x08000637   Thumb Code   256  w5500.o(.text)
    W5500_Hardware_Reset                     0x08000737   Thumb Code    32  w5500.o(.text)
    W5500_Init                               0x08000757   Thumb Code   110  w5500.o(.text)
    Detect_Gateway                           0x080007c5   Thumb Code   194  w5500.o(.text)
    Socket_Init                              0x08000887   Thumb Code   104  w5500.o(.text)
    Socket_Connect                           0x080008ef   Thumb Code    70  w5500.o(.text)
    Socket_Listen                            0x08000935   Thumb Code   102  w5500.o(.text)
    Socket_UDP                               0x0800099b   Thumb Code   110  w5500.o(.text)
    W5500_Interrupt_Process                  0x08000a09   Thumb Code   160  w5500.o(.text)
    LED_Init                                 0x08000ab1   Thumb Code   354  led.o(.text)
    IWDG_Init                                0x08000c13   Thumb Code    36  led.o(.text)
    IWDG_Feed                                0x08000c37   Thumb Code     8  led.o(.text)
    W5500_Initialization                     0x08000c61   Thumb Code    18  main.o(.text)
    Load_Net_Parameters                      0x08000c73   Thumb Code   120  main.o(.text)
    W5500_Socket_Set                         0x08000ceb   Thumb Code   100  main.o(.text)
    Process_Socket_Data                      0x08000d4f   Thumb Code    36  main.o(.text)
    usart                                    0x08000d73   Thumb Code   142  main.o(.text)
    AnalyzeCommand                           0x08000e01   Thumb Code     2  main.o(.text)
    Timer2_Init_Config                       0x08000e03   Thumb Code    64  main.o(.text)
    NVIC_Configuration                       0x08000e43   Thumb Code    50  main.o(.text)
    RCC_Configuration                        0x08000e75   Thumb Code   122  main.o(.text)
    System_Initialization                    0x08000eef   Thumb Code    24  main.o(.text)
    main                                     0x08000f07   Thumb Code   198  main.o(.text)
    TIM2_IRQHandler                          0x08000fcd   Thumb Code    54  main.o(.text)
    Delay                                    0x08001003   Thumb Code    18  main.o(.text)
    _sys_exit                                0x0800112d   Thumb Code     4  usart.o(.text)
    fputc                                    0x08001131   Thumb Code    32  usart.o(.text)
    uart_init                                0x08001151   Thumb Code   164  usart.o(.text)
    USART1_IRQHandler                        0x080011f5   Thumb Code   106  usart.o(.text)
    NVIC_PriorityGroupConfig                 0x08001279   Thumb Code    10  misc.o(.text)
    NVIC_Init                                0x08001283   Thumb Code   100  misc.o(.text)
    NVIC_SetVectorTable                      0x080012e7   Thumb Code    14  misc.o(.text)
    NVIC_SystemLPConfig                      0x080012f5   Thumb Code    34  misc.o(.text)
    SysTick_CLKSourceConfig                  0x08001317   Thumb Code    40  misc.o(.text)
    FLASH_SetLatency                         0x08001355   Thumb Code    18  stm32f10x_flash.o(.text)
    FLASH_HalfCycleAccessCmd                 0x08001367   Thumb Code    22  stm32f10x_flash.o(.text)
    FLASH_PrefetchBufferCmd                  0x0800137d   Thumb Code    22  stm32f10x_flash.o(.text)
    FLASH_Unlock                             0x08001393   Thumb Code    12  stm32f10x_flash.o(.text)
    FLASH_UnlockBank1                        0x0800139f   Thumb Code    12  stm32f10x_flash.o(.text)
    FLASH_Lock                               0x080013ab   Thumb Code    14  stm32f10x_flash.o(.text)
    FLASH_LockBank1                          0x080013b9   Thumb Code    14  stm32f10x_flash.o(.text)
    FLASH_GetBank1Status                     0x080013c7   Thumb Code    48  stm32f10x_flash.o(.text)
    FLASH_WaitForLastOperation               0x080013f7   Thumb Code    38  stm32f10x_flash.o(.text)
    FLASH_ErasePage                          0x0800141d   Thumb Code    72  stm32f10x_flash.o(.text)
    FLASH_EraseAllPages                      0x08001465   Thumb Code    68  stm32f10x_flash.o(.text)
    FLASH_WaitForLastBank1Operation          0x080014a9   Thumb Code    38  stm32f10x_flash.o(.text)
    FLASH_EraseAllBank1Pages                 0x080014cf   Thumb Code    68  stm32f10x_flash.o(.text)
    FLASH_GetReadOutProtectionStatus         0x08001513   Thumb Code    20  stm32f10x_flash.o(.text)
    FLASH_EraseOptionBytes                   0x08001527   Thumb Code   150  stm32f10x_flash.o(.text)
    FLASH_ProgramWord                        0x080015bd   Thumb Code   102  stm32f10x_flash.o(.text)
    FLASH_ProgramHalfWord                    0x08001623   Thumb Code    60  stm32f10x_flash.o(.text)
    FLASH_ProgramOptionByteData              0x0800165f   Thumb Code    72  stm32f10x_flash.o(.text)
    FLASH_EnableWriteProtection              0x080016a7   Thumb Code   200  stm32f10x_flash.o(.text)
    FLASH_ReadOutProtection                  0x0800176f   Thumb Code   156  stm32f10x_flash.o(.text)
    FLASH_UserOptionByteConfig               0x0800180b   Thumb Code    88  stm32f10x_flash.o(.text)
    FLASH_GetUserOptionByte                  0x08001863   Thumb Code     8  stm32f10x_flash.o(.text)
    FLASH_GetWriteProtectionOptionByte       0x0800186b   Thumb Code     6  stm32f10x_flash.o(.text)
    FLASH_GetPrefetchBufferStatus            0x08001871   Thumb Code    20  stm32f10x_flash.o(.text)
    FLASH_ITConfig                           0x08001885   Thumb Code    26  stm32f10x_flash.o(.text)
    FLASH_GetFlagStatus                      0x0800189f   Thumb Code    42  stm32f10x_flash.o(.text)
    FLASH_ClearFlag                          0x080018c9   Thumb Code     6  stm32f10x_flash.o(.text)
    FLASH_GetStatus                          0x080018cf   Thumb Code    48  stm32f10x_flash.o(.text)
    GPIO_DeInit                              0x08001911   Thumb Code   172  stm32f10x_gpio.o(.text)
    GPIO_AFIODeInit                          0x080019bd   Thumb Code    20  stm32f10x_gpio.o(.text)
    GPIO_Init                                0x080019d1   Thumb Code   278  stm32f10x_gpio.o(.text)
    GPIO_StructInit                          0x08001ae7   Thumb Code    16  stm32f10x_gpio.o(.text)
    GPIO_ReadInputDataBit                    0x08001af7   Thumb Code    18  stm32f10x_gpio.o(.text)
    GPIO_ReadInputData                       0x08001b09   Thumb Code     8  stm32f10x_gpio.o(.text)
    GPIO_ReadOutputDataBit                   0x08001b11   Thumb Code    18  stm32f10x_gpio.o(.text)
    GPIO_ReadOutputData                      0x08001b23   Thumb Code     8  stm32f10x_gpio.o(.text)
    GPIO_SetBits                             0x08001b2b   Thumb Code     4  stm32f10x_gpio.o(.text)
    GPIO_ResetBits                           0x08001b2f   Thumb Code     4  stm32f10x_gpio.o(.text)
    GPIO_WriteBit                            0x08001b33   Thumb Code    10  stm32f10x_gpio.o(.text)
    GPIO_Write                               0x08001b3d   Thumb Code     4  stm32f10x_gpio.o(.text)
    GPIO_PinLockConfig                       0x08001b41   Thumb Code    18  stm32f10x_gpio.o(.text)
    GPIO_EventOutputConfig                   0x08001b53   Thumb Code    26  stm32f10x_gpio.o(.text)
    GPIO_EventOutputCmd                      0x08001b6d   Thumb Code     6  stm32f10x_gpio.o(.text)
    GPIO_PinRemapConfig                      0x08001b73   Thumb Code   138  stm32f10x_gpio.o(.text)
    GPIO_EXTILineConfig                      0x08001bfd   Thumb Code    66  stm32f10x_gpio.o(.text)
    GPIO_ETH_MediaInterfaceConfig            0x08001c3f   Thumb Code     8  stm32f10x_gpio.o(.text)
    IWDG_WriteAccessCmd                      0x08001c6d   Thumb Code     6  stm32f10x_iwdg.o(.text)
    IWDG_SetPrescaler                        0x08001c73   Thumb Code     6  stm32f10x_iwdg.o(.text)
    IWDG_SetReload                           0x08001c79   Thumb Code     6  stm32f10x_iwdg.o(.text)
    IWDG_ReloadCounter                       0x08001c7f   Thumb Code    10  stm32f10x_iwdg.o(.text)
    IWDG_Enable                              0x08001c89   Thumb Code    10  stm32f10x_iwdg.o(.text)
    IWDG_GetFlagStatus                       0x08001c93   Thumb Code    20  stm32f10x_iwdg.o(.text)
    RCC_DeInit                               0x08001cad   Thumb Code    64  stm32f10x_rcc.o(.text)
    RCC_HSEConfig                            0x08001ced   Thumb Code    70  stm32f10x_rcc.o(.text)
    RCC_GetFlagStatus                        0x08001d33   Thumb Code    56  stm32f10x_rcc.o(.text)
    RCC_WaitForHSEStartUp                    0x08001d6b   Thumb Code    56  stm32f10x_rcc.o(.text)
    RCC_AdjustHSICalibrationValue            0x08001da3   Thumb Code    20  stm32f10x_rcc.o(.text)
    RCC_HSICmd                               0x08001db7   Thumb Code     6  stm32f10x_rcc.o(.text)
    RCC_PLLConfig                            0x08001dbd   Thumb Code    24  stm32f10x_rcc.o(.text)
    RCC_PLLCmd                               0x08001dd5   Thumb Code     6  stm32f10x_rcc.o(.text)
    RCC_SYSCLKConfig                         0x08001ddb   Thumb Code    18  stm32f10x_rcc.o(.text)
    RCC_GetSYSCLKSource                      0x08001ded   Thumb Code    10  stm32f10x_rcc.o(.text)
    RCC_HCLKConfig                           0x08001df7   Thumb Code    18  stm32f10x_rcc.o(.text)
    RCC_PCLK1Config                          0x08001e09   Thumb Code    18  stm32f10x_rcc.o(.text)
    RCC_PCLK2Config                          0x08001e1b   Thumb Code    20  stm32f10x_rcc.o(.text)
    RCC_ITConfig                             0x08001e2f   Thumb Code    26  stm32f10x_rcc.o(.text)
    RCC_USBCLKConfig                         0x08001e49   Thumb Code     8  stm32f10x_rcc.o(.text)
    RCC_ADCCLKConfig                         0x08001e51   Thumb Code    18  stm32f10x_rcc.o(.text)
    RCC_LSEConfig                            0x08001e63   Thumb Code    50  stm32f10x_rcc.o(.text)
    RCC_LSICmd                               0x08001e95   Thumb Code     6  stm32f10x_rcc.o(.text)
    RCC_RTCCLKConfig                         0x08001e9b   Thumb Code    12  stm32f10x_rcc.o(.text)
    RCC_RTCCLKCmd                            0x08001ea7   Thumb Code     8  stm32f10x_rcc.o(.text)
    RCC_GetClocksFreq                        0x08001eaf   Thumb Code   192  stm32f10x_rcc.o(.text)
    RCC_AHBPeriphClockCmd                    0x08001f6f   Thumb Code    26  stm32f10x_rcc.o(.text)
    RCC_APB2PeriphClockCmd                   0x08001f89   Thumb Code    26  stm32f10x_rcc.o(.text)
    RCC_APB1PeriphClockCmd                   0x08001fa3   Thumb Code    26  stm32f10x_rcc.o(.text)
    RCC_APB2PeriphResetCmd                   0x08001fbd   Thumb Code    26  stm32f10x_rcc.o(.text)
    RCC_APB1PeriphResetCmd                   0x08001fd7   Thumb Code    26  stm32f10x_rcc.o(.text)
    RCC_BackupResetCmd                       0x08001ff1   Thumb Code     8  stm32f10x_rcc.o(.text)
    RCC_ClockSecuritySystemCmd               0x08001ff9   Thumb Code     6  stm32f10x_rcc.o(.text)
    RCC_MCOConfig                            0x08001fff   Thumb Code     6  stm32f10x_rcc.o(.text)
    RCC_ClearFlag                            0x08002005   Thumb Code    14  stm32f10x_rcc.o(.text)
    RCC_GetITStatus                          0x08002013   Thumb Code    20  stm32f10x_rcc.o(.text)
    RCC_ClearITPendingBit                    0x08002027   Thumb Code     6  stm32f10x_rcc.o(.text)
    SPI_I2S_DeInit                           0x08002051   Thumb Code    76  stm32f10x_spi.o(.text)
    SPI_Init                                 0x0800209d   Thumb Code    60  stm32f10x_spi.o(.text)
    I2S_Init                                 0x080020d9   Thumb Code   226  stm32f10x_spi.o(.text)
    SPI_StructInit                           0x080021bb   Thumb Code    24  stm32f10x_spi.o(.text)
    I2S_StructInit                           0x080021d3   Thumb Code    20  stm32f10x_spi.o(.text)
    SPI_Cmd                                  0x080021e7   Thumb Code    24  stm32f10x_spi.o(.text)
    I2S_Cmd                                  0x080021ff   Thumb Code    24  stm32f10x_spi.o(.text)
    SPI_I2S_ITConfig                         0x08002217   Thumb Code    32  stm32f10x_spi.o(.text)
    SPI_I2S_DMACmd                           0x08002237   Thumb Code    18  stm32f10x_spi.o(.text)
    SPI_I2S_SendData                         0x08002249   Thumb Code     4  stm32f10x_spi.o(.text)
    SPI_I2S_ReceiveData                      0x0800224d   Thumb Code     6  stm32f10x_spi.o(.text)
    SPI_NSSInternalSoftwareConfig            0x08002253   Thumb Code    30  stm32f10x_spi.o(.text)
    SPI_SSOutputCmd                          0x08002271   Thumb Code    24  stm32f10x_spi.o(.text)
    SPI_DataSizeConfig                       0x08002289   Thumb Code    18  stm32f10x_spi.o(.text)
    SPI_TransmitCRC                          0x0800229b   Thumb Code    10  stm32f10x_spi.o(.text)
    SPI_CalculateCRC                         0x080022a5   Thumb Code    24  stm32f10x_spi.o(.text)
    SPI_GetCRC                               0x080022bd   Thumb Code    16  stm32f10x_spi.o(.text)
    SPI_GetCRCPolynomial                     0x080022cd   Thumb Code     6  stm32f10x_spi.o(.text)
    SPI_BiDirectionalLineConfig              0x080022d3   Thumb Code    28  stm32f10x_spi.o(.text)
    SPI_I2S_GetFlagStatus                    0x080022ef   Thumb Code    18  stm32f10x_spi.o(.text)
    SPI_I2S_ClearFlag                        0x08002301   Thumb Code     6  stm32f10x_spi.o(.text)
    SPI_I2S_GetITStatus                      0x08002307   Thumb Code    52  stm32f10x_spi.o(.text)
    SPI_I2S_ClearITPendingBit                0x0800233b   Thumb Code    20  stm32f10x_spi.o(.text)
    TIM_DeInit                               0x0800235d   Thumb Code   424  stm32f10x_tim.o(.text)
    TIM_TimeBaseInit                         0x08002505   Thumb Code   122  stm32f10x_tim.o(.text)
    TIM_OC1Init                              0x0800257f   Thumb Code   132  stm32f10x_tim.o(.text)
    TIM_OC2Init                              0x08002603   Thumb Code   154  stm32f10x_tim.o(.text)
    TIM_OC3Init                              0x0800269d   Thumb Code   150  stm32f10x_tim.o(.text)
    TIM_OC4Init                              0x08002733   Thumb Code   182  stm32f10x_tim.o(.text)
    TIM_SetIC4Prescaler                      0x080027e9   Thumb Code    26  stm32f10x_tim.o(.text)
    TIM_SetIC3Prescaler                      0x08002885   Thumb Code    18  stm32f10x_tim.o(.text)
    TIM_SetIC2Prescaler                      0x08002911   Thumb Code    26  stm32f10x_tim.o(.text)
    TIM_SetIC1Prescaler                      0x080029ad   Thumb Code    18  stm32f10x_tim.o(.text)
    TIM_ICInit                               0x08002a2b   Thumb Code   150  stm32f10x_tim.o(.text)
    TIM_PWMIConfig                           0x08002ac1   Thumb Code   124  stm32f10x_tim.o(.text)
    TIM_BDTRConfig                           0x08002b3d   Thumb Code    32  stm32f10x_tim.o(.text)
    TIM_TimeBaseStructInit                   0x08002b5d   Thumb Code    18  stm32f10x_tim.o(.text)
    TIM_OCStructInit                         0x08002b6f   Thumb Code    20  stm32f10x_tim.o(.text)
    TIM_ICStructInit                         0x08002b83   Thumb Code    18  stm32f10x_tim.o(.text)
    TIM_BDTRStructInit                       0x08002b95   Thumb Code    40  stm32f10x_tim.o(.text)
    TIM_Cmd                                  0x08002bbd   Thumb Code    24  stm32f10x_tim.o(.text)
    TIM_CtrlPWMOutputs                       0x08002bd5   Thumb Code    30  stm32f10x_tim.o(.text)
    TIM_ITConfig                             0x08002bf3   Thumb Code    18  stm32f10x_tim.o(.text)
    TIM_GenerateEvent                        0x08002c05   Thumb Code     4  stm32f10x_tim.o(.text)
    TIM_DMAConfig                            0x08002c09   Thumb Code    10  stm32f10x_tim.o(.text)
    TIM_DMACmd                               0x08002c13   Thumb Code    18  stm32f10x_tim.o(.text)
    TIM_InternalClockConfig                  0x08002c25   Thumb Code    12  stm32f10x_tim.o(.text)
    TIM_SelectInputTrigger                   0x08002c31   Thumb Code    18  stm32f10x_tim.o(.text)
    TIM_ITRxExternalClockConfig              0x08002c43   Thumb Code    24  stm32f10x_tim.o(.text)
    TIM_TIxExternalClockConfig               0x08002c5b   Thumb Code    62  stm32f10x_tim.o(.text)
    TIM_ETRConfig                            0x08002c99   Thumb Code    28  stm32f10x_tim.o(.text)
    TIM_ETRClockMode1Config                  0x08002cb5   Thumb Code    54  stm32f10x_tim.o(.text)
    TIM_ETRClockMode2Config                  0x08002ceb   Thumb Code    32  stm32f10x_tim.o(.text)
    TIM_PrescalerConfig                      0x08002d0b   Thumb Code     6  stm32f10x_tim.o(.text)
    TIM_CounterModeConfig                    0x08002d11   Thumb Code    18  stm32f10x_tim.o(.text)
    TIM_EncoderInterfaceConfig               0x08002d23   Thumb Code    66  stm32f10x_tim.o(.text)
    TIM_ForcedOC1Config                      0x08002d65   Thumb Code    18  stm32f10x_tim.o(.text)
    TIM_ForcedOC2Config                      0x08002d77   Thumb Code    26  stm32f10x_tim.o(.text)
    TIM_ForcedOC3Config                      0x08002d91   Thumb Code    18  stm32f10x_tim.o(.text)
    TIM_ForcedOC4Config                      0x08002da3   Thumb Code    26  stm32f10x_tim.o(.text)
    TIM_ARRPreloadConfig                     0x08002dbd   Thumb Code    24  stm32f10x_tim.o(.text)
    TIM_SelectCOM                            0x08002dd5   Thumb Code    24  stm32f10x_tim.o(.text)
    TIM_SelectCCDMA                          0x08002ded   Thumb Code    24  stm32f10x_tim.o(.text)
    TIM_CCPreloadControl                     0x08002e05   Thumb Code    24  stm32f10x_tim.o(.text)
    TIM_OC1PreloadConfig                     0x08002e1d   Thumb Code    18  stm32f10x_tim.o(.text)
    TIM_OC2PreloadConfig                     0x08002e2f   Thumb Code    26  stm32f10x_tim.o(.text)
    TIM_OC3PreloadConfig                     0x08002e49   Thumb Code    18  stm32f10x_tim.o(.text)
    TIM_OC4PreloadConfig                     0x08002e5b   Thumb Code    26  stm32f10x_tim.o(.text)
    TIM_OC1FastConfig                        0x08002e75   Thumb Code    18  stm32f10x_tim.o(.text)
    TIM_OC2FastConfig                        0x08002e87   Thumb Code    26  stm32f10x_tim.o(.text)
    TIM_OC3FastConfig                        0x08002ea1   Thumb Code    18  stm32f10x_tim.o(.text)
    TIM_OC4FastConfig                        0x08002eb3   Thumb Code    26  stm32f10x_tim.o(.text)
    TIM_ClearOC1Ref                          0x08002ecd   Thumb Code    18  stm32f10x_tim.o(.text)
    TIM_ClearOC2Ref                          0x08002edf   Thumb Code    24  stm32f10x_tim.o(.text)
    TIM_ClearOC3Ref                          0x08002ef7   Thumb Code    18  stm32f10x_tim.o(.text)
    TIM_ClearOC4Ref                          0x08002f09   Thumb Code    24  stm32f10x_tim.o(.text)
    TIM_OC1PolarityConfig                    0x08002f21   Thumb Code    18  stm32f10x_tim.o(.text)
    TIM_OC1NPolarityConfig                   0x08002f33   Thumb Code    18  stm32f10x_tim.o(.text)
    TIM_OC2PolarityConfig                    0x08002f45   Thumb Code    26  stm32f10x_tim.o(.text)
    TIM_OC2NPolarityConfig                   0x08002f5f   Thumb Code    26  stm32f10x_tim.o(.text)
    TIM_OC3PolarityConfig                    0x08002f79   Thumb Code    26  stm32f10x_tim.o(.text)
    TIM_OC3NPolarityConfig                   0x08002f93   Thumb Code    26  stm32f10x_tim.o(.text)
    TIM_OC4PolarityConfig                    0x08002fad   Thumb Code    26  stm32f10x_tim.o(.text)
    TIM_CCxCmd                               0x08002fc7   Thumb Code    30  stm32f10x_tim.o(.text)
    TIM_CCxNCmd                              0x08002fe5   Thumb Code    30  stm32f10x_tim.o(.text)
    TIM_SelectOCxM                           0x08003003   Thumb Code    82  stm32f10x_tim.o(.text)
    TIM_UpdateDisableConfig                  0x08003055   Thumb Code    24  stm32f10x_tim.o(.text)
    TIM_UpdateRequestConfig                  0x0800306d   Thumb Code    24  stm32f10x_tim.o(.text)
    TIM_SelectHallSensor                     0x08003085   Thumb Code    24  stm32f10x_tim.o(.text)
    TIM_SelectOnePulseMode                   0x0800309d   Thumb Code    18  stm32f10x_tim.o(.text)
    TIM_SelectOutputTrigger                  0x080030af   Thumb Code    18  stm32f10x_tim.o(.text)
    TIM_SelectSlaveMode                      0x080030c1   Thumb Code    18  stm32f10x_tim.o(.text)
    TIM_SelectMasterSlaveMode                0x080030d3   Thumb Code    18  stm32f10x_tim.o(.text)
    TIM_SetCounter                           0x080030e5   Thumb Code     4  stm32f10x_tim.o(.text)
    TIM_SetAutoreload                        0x080030e9   Thumb Code     4  stm32f10x_tim.o(.text)
    TIM_SetCompare1                          0x080030ed   Thumb Code     4  stm32f10x_tim.o(.text)
    TIM_SetCompare2                          0x080030f1   Thumb Code     4  stm32f10x_tim.o(.text)
    TIM_SetCompare3                          0x080030f5   Thumb Code     4  stm32f10x_tim.o(.text)
    TIM_SetCompare4                          0x080030f9   Thumb Code     6  stm32f10x_tim.o(.text)
    TIM_SetClockDivision                     0x080030ff   Thumb Code    18  stm32f10x_tim.o(.text)
    TIM_GetCapture1                          0x08003111   Thumb Code     6  stm32f10x_tim.o(.text)
    TIM_GetCapture2                          0x08003117   Thumb Code     6  stm32f10x_tim.o(.text)
    TIM_GetCapture3                          0x0800311d   Thumb Code     6  stm32f10x_tim.o(.text)
    TIM_GetCapture4                          0x08003123   Thumb Code     8  stm32f10x_tim.o(.text)
    TIM_GetCounter                           0x0800312b   Thumb Code     6  stm32f10x_tim.o(.text)
    TIM_GetPrescaler                         0x08003131   Thumb Code     6  stm32f10x_tim.o(.text)
    TIM_GetFlagStatus                        0x08003137   Thumb Code    18  stm32f10x_tim.o(.text)
    TIM_ClearFlag                            0x08003149   Thumb Code     6  stm32f10x_tim.o(.text)
    TIM_GetITStatus                          0x0800314f   Thumb Code    34  stm32f10x_tim.o(.text)
    TIM_ClearITPendingBit                    0x08003171   Thumb Code     6  stm32f10x_tim.o(.text)
    USART_DeInit                             0x08003179   Thumb Code   134  stm32f10x_usart.o(.text)
    USART_Init                               0x080031ff   Thumb Code   210  stm32f10x_usart.o(.text)
    USART_StructInit                         0x080032d1   Thumb Code    24  stm32f10x_usart.o(.text)
    USART_ClockInit                          0x080032e9   Thumb Code    34  stm32f10x_usart.o(.text)
    USART_ClockStructInit                    0x0800330b   Thumb Code    12  stm32f10x_usart.o(.text)
    USART_Cmd                                0x08003317   Thumb Code    24  stm32f10x_usart.o(.text)
    USART_ITConfig                           0x0800332f   Thumb Code    74  stm32f10x_usart.o(.text)
    USART_DMACmd                             0x08003379   Thumb Code    18  stm32f10x_usart.o(.text)
    USART_SetAddress                         0x0800338b   Thumb Code    18  stm32f10x_usart.o(.text)
    USART_WakeUpConfig                       0x0800339d   Thumb Code    18  stm32f10x_usart.o(.text)
    USART_ReceiverWakeUpCmd                  0x080033af   Thumb Code    24  stm32f10x_usart.o(.text)
    USART_LINBreakDetectLengthConfig         0x080033c7   Thumb Code    18  stm32f10x_usart.o(.text)
    USART_LINCmd                             0x080033d9   Thumb Code    24  stm32f10x_usart.o(.text)
    USART_SendData                           0x080033f1   Thumb Code     8  stm32f10x_usart.o(.text)
    USART_ReceiveData                        0x080033f9   Thumb Code    10  stm32f10x_usart.o(.text)
    USART_SendBreak                          0x08003403   Thumb Code    10  stm32f10x_usart.o(.text)
    USART_SetGuardTime                       0x0800340d   Thumb Code    16  stm32f10x_usart.o(.text)
    USART_SetPrescaler                       0x0800341d   Thumb Code    16  stm32f10x_usart.o(.text)
    USART_SmartCardCmd                       0x0800342d   Thumb Code    24  stm32f10x_usart.o(.text)
    USART_SmartCardNACKCmd                   0x08003445   Thumb Code    24  stm32f10x_usart.o(.text)
    USART_HalfDuplexCmd                      0x0800345d   Thumb Code    24  stm32f10x_usart.o(.text)
    USART_OverSampling8Cmd                   0x08003475   Thumb Code    22  stm32f10x_usart.o(.text)
    USART_OneBitMethodCmd                    0x0800348b   Thumb Code    24  stm32f10x_usart.o(.text)
    USART_IrDAConfig                         0x080034a3   Thumb Code    18  stm32f10x_usart.o(.text)
    USART_IrDACmd                            0x080034b5   Thumb Code    24  stm32f10x_usart.o(.text)
    USART_GetFlagStatus                      0x080034cd   Thumb Code    26  stm32f10x_usart.o(.text)
    USART_ClearFlag                          0x080034e7   Thumb Code    18  stm32f10x_usart.o(.text)
    USART_GetITStatus                        0x080034f9   Thumb Code    84  stm32f10x_usart.o(.text)
    USART_ClearITPendingBit                  0x0800354d   Thumb Code    52  stm32f10x_usart.o(.text)
    SystemInit                               0x0800365f   Thumb Code    78  system_stm32f10x.o(.text)
    SystemCoreClockUpdate                    0x080036ad   Thumb Code   142  system_stm32f10x.o(.text)
    Reset_Handler                            0x08003761   Thumb Code     8  startup_stm32f10x_hd.o(.text)
    ADC1_2_IRQHandler                        0x0800377b   Thumb Code     0  startup_stm32f10x_hd.o(.text)
    ADC3_IRQHandler                          0x0800377b   Thumb Code     0  startup_stm32f10x_hd.o(.text)
    CAN1_RX1_IRQHandler                      0x0800377b   Thumb Code     0  startup_stm32f10x_hd.o(.text)
    CAN1_SCE_IRQHandler                      0x0800377b   Thumb Code     0  startup_stm32f10x_hd.o(.text)
    DMA1_Channel1_IRQHandler                 0x0800377b   Thumb Code     0  startup_stm32f10x_hd.o(.text)
    DMA1_Channel2_IRQHandler                 0x0800377b   Thumb Code     0  startup_stm32f10x_hd.o(.text)
    DMA1_Channel3_IRQHandler                 0x0800377b   Thumb Code     0  startup_stm32f10x_hd.o(.text)
    DMA1_Channel4_IRQHandler                 0x0800377b   Thumb Code     0  startup_stm32f10x_hd.o(.text)
    DMA1_Channel5_IRQHandler                 0x0800377b   Thumb Code     0  startup_stm32f10x_hd.o(.text)
    DMA1_Channel6_IRQHandler                 0x0800377b   Thumb Code     0  startup_stm32f10x_hd.o(.text)
    DMA1_Channel7_IRQHandler                 0x0800377b   Thumb Code     0  startup_stm32f10x_hd.o(.text)
    DMA2_Channel1_IRQHandler                 0x0800377b   Thumb Code     0  startup_stm32f10x_hd.o(.text)
    DMA2_Channel2_IRQHandler                 0x0800377b   Thumb Code     0  startup_stm32f10x_hd.o(.text)
    DMA2_Channel3_IRQHandler                 0x0800377b   Thumb Code     0  startup_stm32f10x_hd.o(.text)
    DMA2_Channel4_5_IRQHandler               0x0800377b   Thumb Code     0  startup_stm32f10x_hd.o(.text)
    EXTI0_IRQHandler                         0x0800377b   Thumb Code     0  startup_stm32f10x_hd.o(.text)
    EXTI15_10_IRQHandler                     0x0800377b   Thumb Code     0  startup_stm32f10x_hd.o(.text)
    EXTI1_IRQHandler                         0x0800377b   Thumb Code     0  startup_stm32f10x_hd.o(.text)
    EXTI2_IRQHandler                         0x0800377b   Thumb Code     0  startup_stm32f10x_hd.o(.text)
    EXTI3_IRQHandler                         0x0800377b   Thumb Code     0  startup_stm32f10x_hd.o(.text)
    EXTI4_IRQHandler                         0x0800377b   Thumb Code     0  startup_stm32f10x_hd.o(.text)
    EXTI9_5_IRQHandler                       0x0800377b   Thumb Code     0  startup_stm32f10x_hd.o(.text)
    FLASH_IRQHandler                         0x0800377b   Thumb Code     0  startup_stm32f10x_hd.o(.text)
    FSMC_IRQHandler                          0x0800377b   Thumb Code     0  startup_stm32f10x_hd.o(.text)
    I2C1_ER_IRQHandler                       0x0800377b   Thumb Code     0  startup_stm32f10x_hd.o(.text)
    I2C1_EV_IRQHandler                       0x0800377b   Thumb Code     0  startup_stm32f10x_hd.o(.text)
    I2C2_ER_IRQHandler                       0x0800377b   Thumb Code     0  startup_stm32f10x_hd.o(.text)
    I2C2_EV_IRQHandler                       0x0800377b   Thumb Code     0  startup_stm32f10x_hd.o(.text)
    PVD_IRQHandler                           0x0800377b   Thumb Code     0  startup_stm32f10x_hd.o(.text)
    RCC_IRQHandler                           0x0800377b   Thumb Code     0  startup_stm32f10x_hd.o(.text)
    RTCAlarm_IRQHandler                      0x0800377b   Thumb Code     0  startup_stm32f10x_hd.o(.text)
    RTC_IRQHandler                           0x0800377b   Thumb Code     0  startup_stm32f10x_hd.o(.text)
    SDIO_IRQHandler                          0x0800377b   Thumb Code     0  startup_stm32f10x_hd.o(.text)
    SPI1_IRQHandler                          0x0800377b   Thumb Code     0  startup_stm32f10x_hd.o(.text)
    SPI2_IRQHandler                          0x0800377b   Thumb Code     0  startup_stm32f10x_hd.o(.text)
    SPI3_IRQHandler                          0x0800377b   Thumb Code     0  startup_stm32f10x_hd.o(.text)
    TAMPER_IRQHandler                        0x0800377b   Thumb Code     0  startup_stm32f10x_hd.o(.text)
    TIM1_BRK_IRQHandler                      0x0800377b   Thumb Code     0  startup_stm32f10x_hd.o(.text)
    TIM1_CC_IRQHandler                       0x0800377b   Thumb Code     0  startup_stm32f10x_hd.o(.text)
    TIM1_TRG_COM_IRQHandler                  0x0800377b   Thumb Code     0  startup_stm32f10x_hd.o(.text)
    TIM1_UP_IRQHandler                       0x0800377b   Thumb Code     0  startup_stm32f10x_hd.o(.text)
    TIM3_IRQHandler                          0x0800377b   Thumb Code     0  startup_stm32f10x_hd.o(.text)
    TIM4_IRQHandler                          0x0800377b   Thumb Code     0  startup_stm32f10x_hd.o(.text)
    TIM5_IRQHandler                          0x0800377b   Thumb Code     0  startup_stm32f10x_hd.o(.text)
    TIM6_IRQHandler                          0x0800377b   Thumb Code     0  startup_stm32f10x_hd.o(.text)
    TIM7_IRQHandler                          0x0800377b   Thumb Code     0  startup_stm32f10x_hd.o(.text)
    TIM8_BRK_IRQHandler                      0x0800377b   Thumb Code     0  startup_stm32f10x_hd.o(.text)
    TIM8_CC_IRQHandler                       0x0800377b   Thumb Code     0  startup_stm32f10x_hd.o(.text)
    TIM8_TRG_COM_IRQHandler                  0x0800377b   Thumb Code     0  startup_stm32f10x_hd.o(.text)
    TIM8_UP_IRQHandler                       0x0800377b   Thumb Code     0  startup_stm32f10x_hd.o(.text)
    UART4_IRQHandler                         0x0800377b   Thumb Code     0  startup_stm32f10x_hd.o(.text)
    UART5_IRQHandler                         0x0800377b   Thumb Code     0  startup_stm32f10x_hd.o(.text)
    USART2_IRQHandler                        0x0800377b   Thumb Code     0  startup_stm32f10x_hd.o(.text)
    USART3_IRQHandler                        0x0800377b   Thumb Code     0  startup_stm32f10x_hd.o(.text)
    USBWakeUp_IRQHandler                     0x0800377b   Thumb Code     0  startup_stm32f10x_hd.o(.text)
    USB_HP_CAN1_TX_IRQHandler                0x0800377b   Thumb Code     0  startup_stm32f10x_hd.o(.text)
    USB_LP_CAN1_RX0_IRQHandler               0x0800377b   Thumb Code     0  startup_stm32f10x_hd.o(.text)
    WWDG_IRQHandler                          0x0800377b   Thumb Code     0  startup_stm32f10x_hd.o(.text)
    __user_initial_stackheap                 0x0800377d   Thumb Code     0  startup_stm32f10x_hd.o(.text)
    DelayUpdata                              0x080037a1   Thumb Code    24  delaypoint.o(.text)
    ServeDelay                               0x080037b9   Thumb Code   106  delaypoint.o(.text)
    InitDelay_01                             0x08003823   Thumb Code    18  delaypoint.o(.text)
    InitDelay                                0x08003835   Thumb Code    18  delaypoint.o(.text)
    WaitingDelay                             0x08003847   Thumb Code    12  delaypoint.o(.text)
    InitTaskStr                              0x08003895   Thumb Code    80  taskpoint.o(.text)
    Task1                                    0x080038e5   Thumb Code   488  taskpoint.o(.text)
    Task2                                    0x08003acd   Thumb Code   650  taskpoint.o(.text)
    Task3                                    0x08003d57   Thumb Code   172  taskpoint.o(.text)
    Task4                                    0x08003e03   Thumb Code   258  taskpoint.o(.text)
    Task5                                    0x08003f05   Thumb Code   308  taskpoint.o(.text)
    Task6                                    0x08004039   Thumb Code   326  taskpoint.o(.text)
    Task7                                    0x0800417f   Thumb Code   306  taskpoint.o(.text)
    Task8                                    0x080042b1   Thumb Code   302  taskpoint.o(.text)
    Task9                                    0x080043df   Thumb Code   302  taskpoint.o(.text)
    Task10                                   0x0800450d   Thumb Code   284  taskpoint.o(.text)
    Task11                                   0x08004629   Thumb Code   122  taskpoint.o(.text)
    res                                      0x080046a3   Thumb Code    38  taskpoint.o(.text)
    KeySenser                                0x080046dd   Thumb Code    44  key.o(.text)
    KeyUpdataSpeed                           0x08004709   Thumb Code   116  key.o(.text)
    KeySelf                                  0x0800477d   Thumb Code   102  key.o(.text)
    KeyServe                                 0x080047e3   Thumb Code  2192  key.o(.text)
    InitKeyClassInfor                        0x08005073   Thumb Code    28  key.o(.text)
    InitKey                                  0x0800508f   Thumb Code   154  key.o(.text)
    KeyUpdata                                0x08005129   Thumb Code    94  key.o(.text)
    __use_no_semihosting                     0x080051ed   Thumb Code     2  use_no_semi_2.o(.text)
    __2printf                                0x080051f1   Thumb Code    20  noretval__2printf.o(.text)
    __aeabi_memcpy                           0x08005209   Thumb Code     0  rt_memcpy_v6.o(.text)
    __rt_memcpy                              0x08005209   Thumb Code   138  rt_memcpy_v6.o(.text)
    _memcpy_lastbytes                        0x0800526f   Thumb Code     0  rt_memcpy_v6.o(.text)
    __use_two_region_memory                  0x08005293   Thumb Code     2  heapauxi.o(.text)
    __rt_heap_escrow$2region                 0x08005295   Thumb Code     2  heapauxi.o(.text)
    __rt_heap_expand$2region                 0x08005297   Thumb Code     2  heapauxi.o(.text)
    __I$use$semihosting                      0x08005299   Thumb Code     0  use_no_semi.o(.text)
    __use_no_semihosting_swi                 0x08005299   Thumb Code     2  use_no_semi.o(.text)
    _printf_char_file                        0x0800529d   Thumb Code    32  _printf_char_file.o(.text)
    __aeabi_memcpy4                          0x080052c1   Thumb Code     0  rt_memcpy_w.o(.text)
    __aeabi_memcpy8                          0x080052c1   Thumb Code     0  rt_memcpy_w.o(.text)
    __rt_memcpy_w                            0x080052c1   Thumb Code   100  rt_memcpy_w.o(.text)
    _memcpy_lastbytes_aligned                0x08005309   Thumb Code     0  rt_memcpy_w.o(.text)
    _printf_char_common                      0x0800532f   Thumb Code    32  _printf_char_common.o(.text)
    ferror                                   0x08005355   Thumb Code     8  ferror.o(.text)
    __user_setup_stackheap                   0x0800535d   Thumb Code    74  sys_stackheap_outer.o(.text)
    __printf                                 0x080053a7   Thumb Code    40  __printf_nopercent.o(.text)
    exit                                     0x080053cf   Thumb Code    18  exit.o(.text)
    __user_libspace                          0x080053e1   Thumb Code     8  libspace.o(.text)
    __user_perproc_libspace                  0x080053e1   Thumb Code     0  libspace.o(.text)
    __user_perthread_libspace                0x080053e1   Thumb Code     0  libspace.o(.text)
    Region$$Table$$Base                      0x080053e8   Number         0  anon$$obj.o(Region$$Table)
    Region$$Table$$Limit                     0x08005408   Number         0  anon$$obj.o(Region$$Table)
    Gateway_IP                               0x20000000   Data           4  w5500.o(.data)
    Sub_Mask                                 0x20000004   Data           4  w5500.o(.data)
    Phy_Addr                                 0x20000008   Data           6  w5500.o(.data)
    IP_Addr                                  0x2000000e   Data           4  w5500.o(.data)
    S0_Port                                  0x20000012   Data           2  w5500.o(.data)
    S0_DIP                                   0x20000014   Data           4  w5500.o(.data)
    S0_DPort                                 0x20000018   Data           2  w5500.o(.data)
    UDP_DIPR                                 0x2000001a   Data           4  w5500.o(.data)
    UDP_DPORT                                0x2000001e   Data           2  w5500.o(.data)
    S0_Mode                                  0x20000020   Data           1  w5500.o(.data)
    S0_State                                 0x20000021   Data           1  w5500.o(.data)
    S0_Data                                  0x20000022   Data           1  w5500.o(.data)
    W5500_Interrupt                          0x20000023   Data           1  w5500.o(.data)
    Timer2_Counter                           0x20000024   Data           4  main.o(.data)
    W5500_Send_Delay_Counter                 0x20000028   Data           4  main.o(.data)
    __stdout                                 0x2000002c   Data           4  usart.o(.data)
    USART_RX_STA                             0x20000030   Data           2  usart.o(.data)
    reciveNum                                0x20000034   Data           2  usart.o(.data)
    SystemCoreClock                          0x2000004c   Data           4  system_stm32f10x.o(.data)
    AHBPrescTable                            0x20000050   Data          16  system_stm32f10x.o(.data)
    G_TimerCnt_DelayServe_10MS               0x20000060   Data           4  delaypoint.o(.data)
    Task1Infor                               0x20000064   Data           1  taskpoint.o(.data)
    Task2Infor                               0x20000065   Data           1  taskpoint.o(.data)
    Task3Infor                               0x20000066   Data           1  taskpoint.o(.data)
    Task4Infor                               0x20000067   Data           1  taskpoint.o(.data)
    Task5Infor                               0x20000068   Data           1  taskpoint.o(.data)
    Task6Infor                               0x20000069   Data           1  taskpoint.o(.data)
    Task7Infor                               0x2000006a   Data           1  taskpoint.o(.data)
    Task8Infor                               0x2000006b   Data           1  taskpoint.o(.data)
    Task9Infor                               0x2000006c   Data           1  taskpoint.o(.data)
    Task10Infor                              0x2000006d   Data           1  taskpoint.o(.data)
    Task11Infor                              0x2000006e   Data           1  taskpoint.o(.data)
    Task12Infor                              0x2000006f   Data           1  taskpoint.o(.data)
    Task13Infor                              0x20000070   Data           1  taskpoint.o(.data)
    Task14Infor                              0x20000071   Data           1  taskpoint.o(.data)
    Task15Infor                              0x20000072   Data           1  taskpoint.o(.data)
    Actions_01                               0x20000074   Data           4  taskpoint.o(.data)
    g_sem_self                               0x20000078   Data           1  taskpoint.o(.data)
    G_SystemState                            0x20000079   Data           4  taskpoint.o(.data)
    G_Sem_goback                             0x2000007d   Data           1  taskpoint.o(.data)
    G_Sem_goahead                            0x2000007e   Data           1  taskpoint.o(.data)
    G_TimerCnt_KeyServe_10MS                 0x20000080   Data           4  key.o(.data)
    Rx_Buffer                                0x20000084   Data        2048  w5500.o(.bss)
    Tx_Buffer                                0x20000884   Data        2048  w5500.o(.bss)
    AnalyzeBuff                              0x20001084   Data        2048  w5500.o(.bss)
    USART_RX_BUF                             0x20001884   Data         200  usart.o(.bss)
    F_DelayStr_Exam1                         0x2000194c   Data          16  delaypoint.o(.bss)
    F_DelayStr_Exam2                         0x2000195c   Data          16  delaypoint.o(.bss)
    F_DelayStr_Exam3                         0x2000196c   Data          16  delaypoint.o(.bss)
    F_DelayStr_Exam4                         0x2000197c   Data          16  delaypoint.o(.bss)
    F_DelayStr_Exam5                         0x2000198c   Data          16  delaypoint.o(.bss)
    F_DelayStr_Exam6                         0x2000199c   Data          16  delaypoint.o(.bss)
    F_DelayStr_Exam7                         0x200019ac   Data          16  delaypoint.o(.bss)
    F_DelayStr_Exam8                         0x200019bc   Data          16  delaypoint.o(.bss)
    F_DelayStr_Exam9                         0x200019cc   Data          16  delaypoint.o(.bss)
    F_DelayStr_Exam10                        0x200019dc   Data          16  delaypoint.o(.bss)
    F_DelayStr_Exam11                        0x200019ec   Data          16  delaypoint.o(.bss)
    F_DelayStr_Exam12                        0x200019fc   Data          16  delaypoint.o(.bss)
    F_DelayStr_Exam13                        0x20001a0c   Data          16  delaypoint.o(.bss)
    F_DelayStr_Exam14                        0x20001a1c   Data          16  delaypoint.o(.bss)
    F_DelayStr_Exam15                        0x20001a2c   Data          16  delaypoint.o(.bss)
    Key1                                     0x20001a3c   Data          32  key.o(.bss)
    Key2                                     0x20001a5c   Data          32  key.o(.bss)
    Key3                                     0x20001a7c   Data          32  key.o(.bss)
    Key4                                     0x20001a9c   Data          32  key.o(.bss)
    Key5                                     0x20001abc   Data          32  key.o(.bss)
    Key6                                     0x20001adc   Data          32  key.o(.bss)
    Key7                                     0x20001afc   Data          32  key.o(.bss)
    Key8                                     0x20001b1c   Data          32  key.o(.bss)
    Key9                                     0x20001b3c   Data          32  key.o(.bss)
    Key10                                    0x20001b5c   Data          32  key.o(.bss)
    Key11                                    0x20001b7c   Data          32  key.o(.bss)
    Key12                                    0x20001b9c   Data          32  key.o(.bss)
    Key13                                    0x20001bbc   Data          32  key.o(.bss)
    Key14                                    0x20001bdc   Data          32  key.o(.bss)
    Key15                                    0x20001bfc   Data          32  key.o(.bss)
    LeftSensor_Push                          0x20001c1c   Data          32  key.o(.bss)
    LeftSensor_Pull                          0x20001c3c   Data          32  key.o(.bss)
    RightSensor_Push                         0x20001c5c   Data          32  key.o(.bss)
    RightSensor_Pull                         0x20001c7c   Data          32  key.o(.bss)
    BehindSensor_Push                        0x20001c9c   Data          32  key.o(.bss)
    BehindSensor_Pull                        0x20001cbc   Data          32  key.o(.bss)
    Riser1Sensor_Push                        0x20001cdc   Data          32  key.o(.bss)
    Riser1Sensor_Pull                        0x20001cfc   Data          32  key.o(.bss)
    Riser2Sensor_Push                        0x20001d1c   Data          32  key.o(.bss)
    Riser2Sensor_Pull                        0x20001d3c   Data          32  key.o(.bss)
    __libspace_start                         0x20001d5c   Data          96  libspace.o(.bss)
    __temporary_stack_top$libspace           0x20001dbc   Data           0  libspace.o(.bss)



==============================================================================

Memory Map of the image

  Image Entry point : 0x08000131

  Load Region LR_IROM1 (Base: 0x08000000, Size: 0x0000548c, Max: 0x00080000, ABSOLUTE)

    Execution Region ER_IROM1 (Base: 0x08000000, Size: 0x00005408, Max: 0x00080000, ABSOLUTE)

    Base Addr    Size         Type   Attr      Idx    E Section Name        Object

    0x08000000   0x00000130   Data   RO          534    RESET               startup_stm32f10x_hd.o
    0x08000130   0x00000008   Code   RO          640  * !!!main             c_w.l(__main.o)
    0x08000138   0x00000034   Code   RO          807    !!!scatter          c_w.l(__scatter.o)
    0x0800016c   0x0000001a   Code   RO          809    !!handler_copy      c_w.l(__scatter_copy.o)
    0x08000186   0x00000002   PAD
    0x08000188   0x0000001c   Code   RO          811    !!handler_zi        c_w.l(__scatter_zi.o)
    0x080001a4   0x00000002   Code   RO          681    .ARM.Collect$$libinit$$00000000  c_w.l(libinit.o)
    0x080001a6   0x00000000   Code   RO          688    .ARM.Collect$$libinit$$00000002  c_w.l(libinit2.o)
    0x080001a6   0x00000000   Code   RO          690    .ARM.Collect$$libinit$$00000004  c_w.l(libinit2.o)
    0x080001a6   0x00000000   Code   RO          693    .ARM.Collect$$libinit$$0000000A  c_w.l(libinit2.o)
    0x080001a6   0x00000000   Code   RO          695    .ARM.Collect$$libinit$$0000000C  c_w.l(libinit2.o)
    0x080001a6   0x00000000   Code   RO          697    .ARM.Collect$$libinit$$0000000E  c_w.l(libinit2.o)
    0x080001a6   0x00000000   Code   RO          700    .ARM.Collect$$libinit$$00000011  c_w.l(libinit2.o)
    0x080001a6   0x00000000   Code   RO          702    .ARM.Collect$$libinit$$00000013  c_w.l(libinit2.o)
    0x080001a6   0x00000000   Code   RO          704    .ARM.Collect$$libinit$$00000015  c_w.l(libinit2.o)
    0x080001a6   0x00000000   Code   RO          706    .ARM.Collect$$libinit$$00000017  c_w.l(libinit2.o)
    0x080001a6   0x00000000   Code   RO          708    .ARM.Collect$$libinit$$00000019  c_w.l(libinit2.o)
    0x080001a6   0x00000000   Code   RO          710    .ARM.Collect$$libinit$$0000001B  c_w.l(libinit2.o)
    0x080001a6   0x00000000   Code   RO          712    .ARM.Collect$$libinit$$0000001D  c_w.l(libinit2.o)
    0x080001a6   0x00000000   Code   RO          714    .ARM.Collect$$libinit$$0000001F  c_w.l(libinit2.o)
    0x080001a6   0x00000000   Code   RO          716    .ARM.Collect$$libinit$$00000021  c_w.l(libinit2.o)
    0x080001a6   0x00000000   Code   RO          718    .ARM.Collect$$libinit$$00000023  c_w.l(libinit2.o)
    0x080001a6   0x00000000   Code   RO          720    .ARM.Collect$$libinit$$00000025  c_w.l(libinit2.o)
    0x080001a6   0x00000000   Code   RO          724    .ARM.Collect$$libinit$$0000002C  c_w.l(libinit2.o)
    0x080001a6   0x00000000   Code   RO          726    .ARM.Collect$$libinit$$0000002E  c_w.l(libinit2.o)
    0x080001a6   0x00000000   Code   RO          728    .ARM.Collect$$libinit$$00000030  c_w.l(libinit2.o)
    0x080001a6   0x00000000   Code   RO          730    .ARM.Collect$$libinit$$00000032  c_w.l(libinit2.o)
    0x080001a6   0x00000002   Code   RO          731    .ARM.Collect$$libinit$$00000033  c_w.l(libinit2.o)
    0x080001a8   0x00000002   Code   RO          749    .ARM.Collect$$libshutdown$$00000000  c_w.l(libshutdown.o)
    0x080001aa   0x00000000   Code   RO          759    .ARM.Collect$$libshutdown$$00000002  c_w.l(libshutdown2.o)
    0x080001aa   0x00000000   Code   RO          761    .ARM.Collect$$libshutdown$$00000004  c_w.l(libshutdown2.o)
    0x080001aa   0x00000000   Code   RO          764    .ARM.Collect$$libshutdown$$00000007  c_w.l(libshutdown2.o)
    0x080001aa   0x00000000   Code   RO          767    .ARM.Collect$$libshutdown$$0000000A  c_w.l(libshutdown2.o)
    0x080001aa   0x00000000   Code   RO          769    .ARM.Collect$$libshutdown$$0000000C  c_w.l(libshutdown2.o)
    0x080001aa   0x00000000   Code   RO          772    .ARM.Collect$$libshutdown$$0000000F  c_w.l(libshutdown2.o)
    0x080001aa   0x00000002   Code   RO          773    .ARM.Collect$$libshutdown$$00000010  c_w.l(libshutdown2.o)
    0x080001ac   0x00000000   Code   RO          644    .ARM.Collect$$rtentry$$00000000  c_w.l(__rtentry.o)
    0x080001ac   0x00000000   Code   RO          650    .ARM.Collect$$rtentry$$00000002  c_w.l(__rtentry2.o)
    0x080001ac   0x00000006   Code   RO          662    .ARM.Collect$$rtentry$$00000004  c_w.l(__rtentry4.o)
    0x080001b2   0x00000000   Code   RO          652    .ARM.Collect$$rtentry$$00000009  c_w.l(__rtentry2.o)
    0x080001b2   0x00000004   Code   RO          653    .ARM.Collect$$rtentry$$0000000A  c_w.l(__rtentry2.o)
    0x080001b6   0x00000000   Code   RO          655    .ARM.Collect$$rtentry$$0000000C  c_w.l(__rtentry2.o)
    0x080001b6   0x00000008   Code   RO          656    .ARM.Collect$$rtentry$$0000000D  c_w.l(__rtentry2.o)
    0x080001be   0x00000002   Code   RO          685    .ARM.Collect$$rtexit$$00000000  c_w.l(rtexit.o)
    0x080001c0   0x00000000   Code   RO          733    .ARM.Collect$$rtexit$$00000002  c_w.l(rtexit2.o)
    0x080001c0   0x00000004   Code   RO          734    .ARM.Collect$$rtexit$$00000003  c_w.l(rtexit2.o)
    0x080001c4   0x00000006   Code   RO          735    .ARM.Collect$$rtexit$$00000004  c_w.l(rtexit2.o)
    0x080001ca   0x0000001a   Code   RO            1    .text               stm32f10x_it.o
    0x080001e4   0x000008cc   Code   RO          104    .text               w5500.o
    0x08000ab0   0x000001b0   Code   RO          123    .text               led.o
    0x08000c60   0x000004cc   Code   RO          135    .text               main.o
    0x0800112c   0x0000014c   Code   RO          183    .text               usart.o
    0x08001278   0x000000dc   Code   RO          206    .text               misc.o
    0x08001354   0x000005bc   Code   RO          326    .text               stm32f10x_flash.o
    0x08001910   0x0000035c   Code   RO          350    .text               stm32f10x_gpio.o
    0x08001c6c   0x00000040   Code   RO          374    .text               stm32f10x_iwdg.o
    0x08001cac   0x000003a4   Code   RO          398    .text               stm32f10x_rcc.o
    0x08002050   0x0000030c   Code   RO          436    .text               stm32f10x_spi.o
    0x0800235c   0x00000e1a   Code   RO          448    .text               stm32f10x_tim.o
    0x08003176   0x00000002   PAD
    0x08003178   0x00000408   Code   RO          460    .text               stm32f10x_usart.o
    0x08003580   0x000001e0   Code   RO          495    .text               system_stm32f10x.o
    0x08003760   0x00000040   Code   RO          535    .text               startup_stm32f10x_hd.o
    0x080037a0   0x000000f4   Code   RO          539    .text               delaypoint.o
    0x08003894   0x00000e48   Code   RO          558    .text               taskpoint.o
    0x080046dc   0x00000b10   Code   RO          606    .text               key.o
    0x080051ec   0x00000002   Code   RO          630    .text               c_w.l(use_no_semi_2.o)
    0x080051ee   0x00000002   PAD
    0x080051f0   0x00000018   Code   RO          634    .text               c_w.l(noretval__2printf.o)
    0x08005208   0x0000008a   Code   RO          636    .text               c_w.l(rt_memcpy_v6.o)
    0x08005292   0x00000006   Code   RO          638    .text               c_w.l(heapauxi.o)
    0x08005298   0x00000002   Code   RO          642    .text               c_w.l(use_no_semi.o)
    0x0800529a   0x00000002   PAD
    0x0800529c   0x00000024   Code   RO          645    .text               c_w.l(_printf_char_file.o)
    0x080052c0   0x00000064   Code   RO          647    .text               c_w.l(rt_memcpy_w.o)
    0x08005324   0x00000030   Code   RO          664    .text               c_w.l(_printf_char_common.o)
    0x08005354   0x00000008   Code   RO          666    .text               c_w.l(ferror.o)
    0x0800535c   0x0000004a   Code   RO          670    .text               c_w.l(sys_stackheap_outer.o)
    0x080053a6   0x00000028   Code   RO          672    .text               c_w.l(__printf_nopercent.o)
    0x080053ce   0x00000012   Code   RO          674    .text               c_w.l(exit.o)
    0x080053e0   0x00000008   Code   RO          682    .text               c_w.l(libspace.o)
    0x080053e8   0x00000020   Data   RO          805    Region$$Table       anon$$obj.o


    Execution Region RW_IRAM1 (Base: 0x20000000, Size: 0x000023c0, Max: 0x00010000, ABSOLUTE)

    Base Addr    Size         Type   Attr      Idx    E Section Name        Object

    0x20000000   0x00000024   Data   RW          106    .data               w5500.o
    0x20000024   0x00000008   Data   RW          136    .data               main.o
    0x2000002c   0x0000000a   Data   RW          185    .data               usart.o
    0x20000036   0x00000014   Data   RW          399    .data               stm32f10x_rcc.o
    0x2000004a   0x00000002   PAD
    0x2000004c   0x00000014   Data   RW          496    .data               system_stm32f10x.o
    0x20000060   0x00000004   Data   RW          541    .data               delaypoint.o
    0x20000064   0x0000001b   Data   RW          559    .data               taskpoint.o
    0x2000007f   0x00000001   PAD
    0x20000080   0x00000004   Data   RW          608    .data               key.o
    0x20000084   0x00001800   Zero   RW          105    .bss                w5500.o
    0x20001884   0x000000c8   Zero   RW          184    .bss                usart.o
    0x2000194c   0x000000f0   Zero   RW          540    .bss                delaypoint.o
    0x20001a3c   0x00000320   Zero   RW          607    .bss                key.o
    0x20001d5c   0x00000060   Zero   RW          683    .bss                c_w.l(libspace.o)
    0x20001dbc   0x00000004   PAD
    0x20001dc0   0x00000200   Zero   RW          533    HEAP                startup_stm32f10x_hd.o
    0x20001fc0   0x00000400   Zero   RW          532    STACK               startup_stm32f10x_hd.o


==============================================================================

Image component sizes


      Code (inc. data)   RO Data    RW Data    ZI Data      Debug   Object Name

         0          0          0          0          0         32   core_cm3.o
       244         66          0          4        240       3195   delaypoint.o
      2832        274          0          4        800       5114   key.o
       432         34          0          0          0        947   led.o
      1228        280          0          8          0       7989   main.o
       220         22          0          0          0       1665   misc.o
        64         26        304          0       1536        788   startup_stm32f10x_hd.o
      1468         34          0          0          0       8074   stm32f10x_flash.o
       860         38          0          0          0       5601   stm32f10x_gpio.o
        26          0          0          0          0     266814   stm32f10x_it.o
        64          6          0          0          0       1217   stm32f10x_iwdg.o
       932         36          0         20          0       8736   stm32f10x_rcc.o
       780         14          0          0          0       6482   stm32f10x_spi.o
      3610         88          0          0          0      22712   stm32f10x_tim.o
      1032         22          0          0          0       8324   stm32f10x_usart.o
       480         38          0         20          0       1687   system_stm32f10x.o
      3656        250          0         27          0     226791   taskpoint.o
       332         26          0         10        200       3084   usart.o
      2252         80          0         36       6144      10963   w5500.o

    ----------------------------------------------------------------------
     20514       1334        336        132       8920     590215   Object Totals
         0          0         32          0          0          0   (incl. Generated)
         2          0          0          3          0          0   (incl. Padding)

    ----------------------------------------------------------------------

      Code (inc. data)   RO Data    RW Data    ZI Data      Debug   Library Member Name

         8          0          0          0          0         68   __main.o
        40          0          0          0          0         84   __printf_nopercent.o
         0          0          0          0          0          0   __rtentry.o
        12          0          0          0          0          0   __rtentry2.o
         6          0          0          0          0          0   __rtentry4.o
        52          8          0          0          0          0   __scatter.o
        26          0          0          0          0          0   __scatter_copy.o
        28          0          0          0          0          0   __scatter_zi.o
        48          6          0          0          0         96   _printf_char_common.o
        36          4          0          0          0         80   _printf_char_file.o
        18          0          0          0          0         80   exit.o
         8          0          0          0          0         68   ferror.o
         6          0          0          0          0        152   heapauxi.o
         2          0          0          0          0          0   libinit.o
         2          0          0          0          0          0   libinit2.o
         2          0          0          0          0          0   libshutdown.o
         2          0          0          0          0          0   libshutdown2.o
         8          4          0          0         96         68   libspace.o
        24          4          0          0          0         84   noretval__2printf.o
       138          0          0          0          0         68   rt_memcpy_v6.o
       100          0          0          0          0         80   rt_memcpy_w.o
         2          0          0          0          0          0   rtexit.o
        10          0          0          0          0          0   rtexit2.o
        74          0          0          0          0         80   sys_stackheap_outer.o
         2          0          0          0          0         68   use_no_semi.o
         2          0          0          0          0         68   use_no_semi_2.o

    ----------------------------------------------------------------------
       662         26          0          0        100       1144   Library Totals
         6          0          0          0          4          0   (incl. Padding)

    ----------------------------------------------------------------------

      Code (inc. data)   RO Data    RW Data    ZI Data      Debug   Library Name

       656         26          0          0         96       1144   c_w.l

    ----------------------------------------------------------------------
       662         26          0          0        100       1144   Library Totals

    ----------------------------------------------------------------------

==============================================================================


      Code (inc. data)   RO Data    RW Data    ZI Data      Debug   

     21176       1360        336        132       9020     589015   Grand Totals
     21176       1360        336        132       9020     589015   ELF Image Totals
     21176       1360        336        132          0          0   ROM Totals

==============================================================================

    Total RO  Size (Code + RO Data)                21512 (  21.01kB)
    Total RW  Size (RW Data + ZI Data)              9152 (   8.94kB)
    Total ROM Size (Code + RO Data + RW Data)      21644 (  21.14kB)

==============================================================================

